Archive member included to satisfy reference by file (symbol)

c:/st/stm32cubeide_1.7.0/stm32cubeide/plugins/com.st.stm32cube.ide.mcu.externaltools.gnu-tools-for-stm32.9-2020-q2-update.win32_2.0.0.202105311346/tools/bin/../lib/gcc/arm-none-eabi/9.3.1/../../../../arm-none-eabi/lib/thumb/v7e-m+fp/hard\libc_nano.a(lib_a-atoi.o)
                              ./Core/Src/main.o (atoi)
c:/st/stm32cubeide_1.7.0/stm32cubeide/plugins/com.st.stm32cube.ide.mcu.externaltools.gnu-tools-for-stm32.9-2020-q2-update.win32_2.0.0.202105311346/tools/bin/../lib/gcc/arm-none-eabi/9.3.1/../../../../arm-none-eabi/lib/thumb/v7e-m+fp/hard\libc_nano.a(lib_a-errno.o)
                              ./Core/Src/syscalls.o (__errno)
c:/st/stm32cubeide_1.7.0/stm32cubeide/plugins/com.st.stm32cube.ide.mcu.externaltools.gnu-tools-for-stm32.9-2020-q2-update.win32_2.0.0.202105311346/tools/bin/../lib/gcc/arm-none-eabi/9.3.1/../../../../arm-none-eabi/lib/thumb/v7e-m+fp/hard\libc_nano.a(lib_a-exit.o)
                              c:/st/stm32cubeide_1.7.0/stm32cubeide/plugins/com.st.stm32cube.ide.mcu.externaltools.gnu-tools-for-stm32.9-2020-q2-update.win32_2.0.0.202105311346/tools/bin/../lib/gcc/arm-none-eabi/9.3.1/../../../../arm-none-eabi/lib/thumb/v7e-m+fp/hard/crt0.o (exit)
c:/st/stm32cubeide_1.7.0/stm32cubeide/plugins/com.st.stm32cube.ide.mcu.externaltools.gnu-tools-for-stm32.9-2020-q2-update.win32_2.0.0.202105311346/tools/bin/../lib/gcc/arm-none-eabi/9.3.1/../../../../arm-none-eabi/lib/thumb/v7e-m+fp/hard\libc_nano.a(lib_a-impure.o)
                              c:/st/stm32cubeide_1.7.0/stm32cubeide/plugins/com.st.stm32cube.ide.mcu.externaltools.gnu-tools-for-stm32.9-2020-q2-update.win32_2.0.0.202105311346/tools/bin/../lib/gcc/arm-none-eabi/9.3.1/../../../../arm-none-eabi/lib/thumb/v7e-m+fp/hard\libc_nano.a(lib_a-exit.o) (_global_impure_ptr)
c:/st/stm32cubeide_1.7.0/stm32cubeide/plugins/com.st.stm32cube.ide.mcu.externaltools.gnu-tools-for-stm32.9-2020-q2-update.win32_2.0.0.202105311346/tools/bin/../lib/gcc/arm-none-eabi/9.3.1/../../../../arm-none-eabi/lib/thumb/v7e-m+fp/hard\libc_nano.a(lib_a-init.o)
                              c:/st/stm32cubeide_1.7.0/stm32cubeide/plugins/com.st.stm32cube.ide.mcu.externaltools.gnu-tools-for-stm32.9-2020-q2-update.win32_2.0.0.202105311346/tools/bin/../lib/gcc/arm-none-eabi/9.3.1/../../../../arm-none-eabi/lib/thumb/v7e-m+fp/hard/crt0.o (__libc_init_array)
c:/st/stm32cubeide_1.7.0/stm32cubeide/plugins/com.st.stm32cube.ide.mcu.externaltools.gnu-tools-for-stm32.9-2020-q2-update.win32_2.0.0.202105311346/tools/bin/../lib/gcc/arm-none-eabi/9.3.1/../../../../arm-none-eabi/lib/thumb/v7e-m+fp/hard\libc_nano.a(lib_a-memset.o)
                              c:/st/stm32cubeide_1.7.0/stm32cubeide/plugins/com.st.stm32cube.ide.mcu.externaltools.gnu-tools-for-stm32.9-2020-q2-update.win32_2.0.0.202105311346/tools/bin/../lib/gcc/arm-none-eabi/9.3.1/../../../../arm-none-eabi/lib/thumb/v7e-m+fp/hard/crt0.o (memset)
c:/st/stm32cubeide_1.7.0/stm32cubeide/plugins/com.st.stm32cube.ide.mcu.externaltools.gnu-tools-for-stm32.9-2020-q2-update.win32_2.0.0.202105311346/tools/bin/../lib/gcc/arm-none-eabi/9.3.1/../../../../arm-none-eabi/lib/thumb/v7e-m+fp/hard\libc_nano.a(lib_a-strcpy.o)
                              ./Core/Src/main.o (strcpy)
c:/st/stm32cubeide_1.7.0/stm32cubeide/plugins/com.st.stm32cube.ide.mcu.externaltools.gnu-tools-for-stm32.9-2020-q2-update.win32_2.0.0.202105311346/tools/bin/../lib/gcc/arm-none-eabi/9.3.1/../../../../arm-none-eabi/lib/thumb/v7e-m+fp/hard\libc_nano.a(lib_a-strstr.o)
                              ./Core/Src/main.o (strstr)
c:/st/stm32cubeide_1.7.0/stm32cubeide/plugins/com.st.stm32cube.ide.mcu.externaltools.gnu-tools-for-stm32.9-2020-q2-update.win32_2.0.0.202105311346/tools/bin/../lib/gcc/arm-none-eabi/9.3.1/../../../../arm-none-eabi/lib/thumb/v7e-m+fp/hard\libc_nano.a(lib_a-strtol.o)
                              c:/st/stm32cubeide_1.7.0/stm32cubeide/plugins/com.st.stm32cube.ide.mcu.externaltools.gnu-tools-for-stm32.9-2020-q2-update.win32_2.0.0.202105311346/tools/bin/../lib/gcc/arm-none-eabi/9.3.1/../../../../arm-none-eabi/lib/thumb/v7e-m+fp/hard\libc_nano.a(lib_a-atoi.o) (_strtol_r)
c:/st/stm32cubeide_1.7.0/stm32cubeide/plugins/com.st.stm32cube.ide.mcu.externaltools.gnu-tools-for-stm32.9-2020-q2-update.win32_2.0.0.202105311346/tools/bin/../lib/gcc/arm-none-eabi/9.3.1/../../../../arm-none-eabi/lib/thumb/v7e-m+fp/hard\libc_nano.a(lib_a-ctype_.o)
                              c:/st/stm32cubeide_1.7.0/stm32cubeide/plugins/com.st.stm32cube.ide.mcu.externaltools.gnu-tools-for-stm32.9-2020-q2-update.win32_2.0.0.202105311346/tools/bin/../lib/gcc/arm-none-eabi/9.3.1/../../../../arm-none-eabi/lib/thumb/v7e-m+fp/hard\libc_nano.a(lib_a-strtol.o) (_ctype_)

Allocating common symbols
Common symbol       size              file

PWM_ValueDirection  0x1               ./Core/Src/dma.o
ReceivedDataStr     0x4b              ./Core/Src/main.o
PWM_ValueReq        0x1               ./Core/Src/dma.o
[...]
Memory Configuration

Name             Origin             Length             Attributes
CCMRAM           0x0000000010000000 0x0000000000001000 xrw
RAM              0x0000000020000000 0x0000000000003000 xrw
FLASH            0x0000000008000000 0x0000000000010000 xr
*default*        0x0000000000000000 0xffffffffffffffff

Linker script and memory map

LOAD c:/st/stm32cubeide_1.7.0/stm32cubeide/plugins/com.st.stm32cube.ide.mcu.externaltools.gnu-tools-for-stm32.9-2020-q2-update.win32_2.0.0.202105311346/tools/bin/../lib/gcc/arm-none-eabi/9.3.1/thumb/v7e-m+fp/hard/crti.o
LOAD c:/st/stm32cubeide_1.7.0/stm32cubeide/plugins/com.st.stm32cube.ide.mcu.externaltools.gnu-tools-for-stm32.9-2020-q2-update.win32_2.0.0.202105311346/tools/bin/../lib/gcc/arm-none-eabi/9.3.1/thumb/v7e-m+fp/hard/crtbegin.o
LOAD c:/st/stm32cubeide_1.7.0/stm32cubeide/plugins/com.st.stm32cube.ide.mcu.externaltools.gnu-tools-for-stm32.9-2020-q2-update.win32_2.0.0.202105311346/tools/bin/../lib/gcc/arm-none-eabi/9.3.1/../../../../arm-none-eabi/lib/thumb/v7e-m+fp/hard/crt0.o
LOAD ./Core/Src/dma.o
LOAD ./Core/Src/gpio.o
LOAD ./Core/Src/main.o
LOAD ./Core/Src/stm32f3xx_it.o
LOAD ./Core/Src/syscalls.o
LOAD ./Core/Src/sysmem.o
LOAD ./Core/Src/system_stm32f3xx.o
LOAD ./Core/Src/tim.o
LOAD ./Core/Src/usart.o
LOAD ./Core/Startup/startup_stm32f303k8tx.o
LOAD ./Drivers/STM32F3xx_HAL_Driver/Src/stm32f3xx_ll_dma.o
LOAD ./Drivers/STM32F3xx_HAL_Driver/Src/stm32f3xx_ll_exti.o
LOAD ./Drivers/STM32F3xx_HAL_Driver/Src/stm32f3xx_ll_gpio.o
LOAD ./Drivers/STM32F3xx_HAL_Driver/Src/stm32f3xx_ll_rcc.o
LOAD ./Drivers/STM32F3xx_HAL_Driver/Src/stm32f3xx_ll_tim.o
LOAD ./Drivers/STM32F3xx_HAL_Driver/Src/stm32f3xx_ll_usart.o
LOAD ./Drivers/STM32F3xx_HAL_Driver/Src/stm32f3xx_ll_utils.o
START GROUP
LOAD c:/st/stm32cubeide_1.7.0/stm32cubeide/plugins/com.st.stm32cube.ide.mcu.externaltools.gnu-tools-for-stm32.9-2020-q2-update.win32_2.0.0.202105311346/tools/bin/../lib/gcc/arm-none-eabi/9.3.1/../../../../arm-none-eabi/lib/thumb/v7e-m+fp/hard\libc_nano.a
LOAD c:/st/stm32cubeide_1.7.0/stm32cubeide/plugins/com.st.stm32cube.ide.mcu.externaltools.gnu-tools-for-stm32.9-2020-q2-update.win32_2.0.0.202105311346/tools/bin/../lib/gcc/arm-none-eabi/9.3.1/../../../../arm-none-eabi/lib/thumb/v7e-m+fp/hard\libm.a
END GROUP
START GROUP
LOAD c:/st/stm32cubeide_1.7.0/stm32cubeide/plugins/com.st.stm32cube.ide.mcu.externaltools.gnu-tools-for-stm32.9-2020-q2-update.win32_2.0.0.202105311346/tools/bin/../lib/gcc/arm-none-eabi/9.3.1/thumb/v7e-m+fp/hard\libgcc.a
LOAD c:/st/stm32cubeide_1.7.0/stm32cubeide/plugins/com.st.stm32cube.ide.mcu.externaltools.gnu-tools-for-stm32.9-2020-q2-update.win32_2.0.0.202105311346/tools/bin/../lib/gcc/arm-none-eabi/9.3.1/../../../../arm-none-eabi/lib/thumb/v7e-m+fp/hard\libc_nano.a
END GROUP
START GROUP
LOAD c:/st/stm32cubeide_1.7.0/stm32cubeide/plugins/com.st.stm32cube.ide.mcu.externaltools.gnu-tools-for-stm32.9-2020-q2-update.win32_2.0.0.202105311346/tools/bin/../lib/gcc/arm-none-eabi/9.3.1/thumb/v7e-m+fp/hard\libgcc.a
LOAD c:/st/stm32cubeide_1.7.0/stm32cubeide/plugins/com.st.stm32cube.ide.mcu.externaltools.gnu-tools-for-stm32.9-2020-q2-update.win32_2.0.0.202105311346/tools/bin/../lib/gcc/arm-none-eabi/9.3.1/../../../../arm-none-eabi/lib/thumb/v7e-m+fp/hard\libc_nano.a
LOAD c:/st/stm32cubeide_1.7.0/stm32cubeide/plugins/com.st.stm32cube.ide.mcu.externaltools.gnu-tools-for-stm32.9-2020-q2-update.win32_2.0.0.202105311346/tools/bin/../lib/gcc/arm-none-eabi/9.3.1/../../../../arm-none-eabi/lib/thumb/v7e-m+fp/hard\libnosys.a
END GROUP
START GROUP
LOAD c:/st/stm32cubeide_1.7.0/stm32cubeide/plugins/com.st.stm32cube.ide.mcu.externaltools.gnu-tools-for-stm32.9-2020-q2-update.win32_2.0.0.202105311346/tools/bin/../lib/gcc/arm-none-eabi/9.3.1/thumb/v7e-m+fp/hard\libgcc.a
LOAD c:/st/stm32cubeide_1.7.0/stm32cubeide/plugins/com.st.stm32cube.ide.mcu.externaltools.gnu-tools-for-stm32.9-2020-q2-update.win32_2.0.0.202105311346/tools/bin/../lib/gcc/arm-none-eabi/9.3.1/../../../../arm-none-eabi/lib/thumb/v7e-m+fp/hard\libc_nano.a
LOAD c:/st/stm32cubeide_1.7.0/stm32cubeide/plugins/com.st.stm32cube.ide.mcu.externaltools.gnu-tools-for-stm32.9-2020-q2-update.win32_2.0.0.202105311346/tools/bin/../lib/gcc/arm-none-eabi/9.3.1/../../../../arm-none-eabi/lib/thumb/v7e-m+fp/hard\libnosys.a
END GROUP
LOAD c:/st/stm32cubeide_1.7.0/stm32cubeide/plugins/com.st.stm32cube.ide.mcu.externaltools.gnu-tools-for-stm32.9-2020-q2-update.win32_2.0.0.202105311346/tools/bin/../lib/gcc/arm-none-eabi/9.3.1/thumb/v7e-m+fp/hard/crtend.o
LOAD c:/st/stm32cubeide_1.7.0/stm32cubeide/plugins/com.st.stm32cube.ide.mcu.externaltools.gnu-tools-for-stm32.9-2020-q2-update.win32_2.0.0.202105311346/tools/bin/../lib/gcc/arm-none-eabi/9.3.1/thumb/v7e-m+fp/hard/crtn.o
                0x0000000020003000                _estack = (ORIGIN (RAM) + LENGTH (RAM))
                0x0000000000000200                _Min_Heap_Size = 0x200
                0x0000000000000400                _Min_Stack_Size = 0x400

.isr_vector     0x0000000008000000      0x188
                0x0000000008000000                . = ALIGN (0x4)
 *(.isr_vector)
 .isr_vector    0x0000000008000000      0x188 ./Core/Startup/startup_stm32f303k8tx.o
                0x0000000008000000                g_pfnVectors
                0x0000000008000188                . = ALIGN (0x4)

.text           0x0000000008000188     0x2c2c
                0x0000000008000188                . = ALIGN (0x4)
 *(.text)
 .text          0x0000000008000188       0x40 c:/st/stm32cubeide_1.7.0/stm32cubeide/plugins/com.st.stm32cube.ide.mcu.externaltools.gnu-tools-for-stm32.9-2020-q2-update.win32_2.0.0.202105311346/tools/bin/../lib/gcc/arm-none-eabi/9.3.1/thumb/v7e-m+fp/hard/crtbegin.o
 *(.text*)
 .text.__NVIC_GetPriorityGrouping
                0x00000000080001c8       0x1c ./Core/Src/dma.o
 .text.__NVIC_EnableIRQ
                0x00000000080001e4       0x3c ./Core/Src/dma.o
 .text.__NVIC_SetPriority
                0x0000000008000220       0x54 ./Core/Src/dma.o
 .text.NVIC_EncodePriority
                0x0000000008000274       0x66 ./Core/Src/dma.o
 *fill*         0x00000000080002da        0x2 
 .text.LL_AHB1_GRP1_EnableClock
                0x00000000080002dc       0x30 ./Core/Src/dma.o
 .text.MX_DMA_Init
                0x000000000800030c       0x2e ./Core/Src/dma.o
                0x000000000800030c                MX_DMA_Init
 *fill*         0x000000000800033a        0x2 
 .text.LL_AHB1_GRP1_EnableClock
                0x000000000800033c       0x30 ./Core/Src/gpio.o
 .text.MX_GPIO_Init
                0x000000000800036c       0x18 ./Core/Src/gpio.o
                0x000000000800036c                MX_GPIO_Init
 .text.__NVIC_SetPriorityGrouping
                0x0000000008000384       0x48 ./Core/Src/main.o
 .text.LL_RCC_HSI_Enable
                0x00000000080003cc       0x20 ./Core/Src/main.o
 .text.LL_RCC_HSI_IsReady
                0x00000000080003ec       0x24 ./Core/Src/main.o
 .text.LL_RCC_HSI_SetCalibTrimming
                0x0000000008000410       0x2c ./Core/Src/main.o
 .text.LL_RCC_SetSysClkSource
                0x000000000800043c       0x28 ./Core/Src/main.o
 .text.LL_RCC_GetSysClkSource
                0x0000000008000464       0x1c ./Core/Src/main.o
 .text.LL_RCC_SetAHBPrescaler
                0x0000000008000480       0x28 ./Core/Src/main.o
 .text.LL_RCC_SetAPB1Prescaler
                0x00000000080004a8       0x28 ./Core/Src/main.o
 .text.LL_RCC_SetAPB2Prescaler
                0x00000000080004d0       0x28 ./Core/Src/main.o
 .text.LL_APB1_GRP1_EnableClock
                0x00000000080004f8       0x30 ./Core/Src/main.o
 .text.LL_APB2_GRP1_EnableClock
                0x0000000008000528       0x30 ./Core/Src/main.o
 .text.LL_FLASH_SetLatency
                0x0000000008000558       0x28 ./Core/Src/main.o
 .text.LL_FLASH_GetLatency
                0x0000000008000580       0x1c ./Core/Src/main.o
 .text.LL_TIM_OC_SetCompareCH1
                0x000000000800059c       0x1c ./Core/Src/main.o
 .text.main     0x00000000080005b8       0xd8 ./Core/Src/main.o
                0x00000000080005b8                main
 .text.SystemClock_Config
                0x0000000008000690       0x64 ./Core/Src/main.o
                0x0000000008000690                SystemClock_Config
 .text.setDutyCycle
                0x00000000080006f4       0x68 ./Core/Src/main.o
                0x00000000080006f4                setDutyCycle
 .text.proccesDmaData
                0x000000000800075c       0xe4 ./Core/Src/main.o
                0x000000000800075c                proccesDmaData
 .text.CountDutyCycleForModeAuto
                0x0000000008000840       0x80 ./Core/Src/main.o
                0x0000000008000840                CountDutyCycleForModeAuto
 .text.CountDutyCycleForModeMan
                0x00000000080008c0       0x60 ./Core/Src/main.o
                0x00000000080008c0                CountDutyCycleForModeMan
 .text.ParseReceivedString
                0x0000000008000920       0xc0 ./Core/Src/main.o
                0x0000000008000920                ParseReceivedString
 .text.ParseReceivedCommandValue
                0x00000000080009e0       0xa0 ./Core/Src/main.o
                0x00000000080009e0                ParseReceivedCommandValue
 .text.LL_DMA_IsActiveFlag_TC6
                0x0000000008000a80       0x28 ./Core/Src/stm32f3xx_it.o
 .text.LL_DMA_IsActiveFlag_HT6
                0x0000000008000aa8       0x28 ./Core/Src/stm32f3xx_it.o
 .text.LL_DMA_ClearFlag_TC6
                0x0000000008000ad0       0x1c ./Core/Src/stm32f3xx_it.o
 .text.LL_DMA_ClearFlag_HT6
                0x0000000008000aec       0x1c ./Core/Src/stm32f3xx_it.o
 .text.LL_TIM_ClearFlag_UPDATE
                0x0000000008000b08       0x1c ./Core/Src/stm32f3xx_it.o
 .text.LL_TIM_IsActiveFlag_UPDATE
                0x0000000008000b24       0x26 ./Core/Src/stm32f3xx_it.o
 .text.LL_USART_IsActiveFlag_IDLE
                0x0000000008000b4a       0x26 ./Core/Src/stm32f3xx_it.o
 .text.LL_USART_ClearFlag_IDLE
                0x0000000008000b70       0x1a ./Core/Src/stm32f3xx_it.o
 .text.NMI_Handler
                0x0000000008000b8a        0x6 ./Core/Src/stm32f3xx_it.o
                0x0000000008000b8a                NMI_Handler
 .text.HardFault_Handler
                0x0000000008000b90        0x6 ./Core/Src/stm32f3xx_it.o
                0x0000000008000b90                HardFault_Handler
 .text.MemManage_Handler
                0x0000000008000b96        0x6 ./Core/Src/stm32f3xx_it.o
                0x0000000008000b96                MemManage_Handler
 .text.BusFault_Handler
                0x0000000008000b9c        0x6 ./Core/Src/stm32f3xx_it.o
                0x0000000008000b9c                BusFault_Handler
 .text.UsageFault_Handler
                0x0000000008000ba2        0x6 ./Core/Src/stm32f3xx_it.o
                0x0000000008000ba2                UsageFault_Handler
 .text.SVC_Handler
                0x0000000008000ba8        0xe ./Core/Src/stm32f3xx_it.o
                0x0000000008000ba8                SVC_Handler
 .text.DebugMon_Handler
                0x0000000008000bb6        0xe ./Core/Src/stm32f3xx_it.o
                0x0000000008000bb6                DebugMon_Handler
 .text.PendSV_Handler
                0x0000000008000bc4        0xe ./Core/Src/stm32f3xx_it.o
                0x0000000008000bc4                PendSV_Handler
 .text.SysTick_Handler
                0x0000000008000bd2        0xe ./Core/Src/stm32f3xx_it.o
                0x0000000008000bd2                SysTick_Handler
 .text.DMA1_Channel6_IRQHandler
                0x0000000008000be0       0x3c ./Core/Src/stm32f3xx_it.o
                0x0000000008000be0                DMA1_Channel6_IRQHandler
 .text.TIM2_IRQHandler
                0x0000000008000c1c       0x2c ./Core/Src/stm32f3xx_it.o
                0x0000000008000c1c                TIM2_IRQHandler
 .text.USART2_IRQHandler
                0x0000000008000c48       0x24 ./Core/Src/stm32f3xx_it.o
                0x0000000008000c48                USART2_IRQHandler
 .text.SystemInit
                0x0000000008000c6c       0x24 ./Core/Src/system_stm32f3xx.o
                0x0000000008000c6c                SystemInit
 .text.__NVIC_GetPriorityGrouping
                0x0000000008000c90       0x1c ./Core/Src/tim.o
 .text.__NVIC_EnableIRQ
                0x0000000008000cac       0x3c ./Core/Src/tim.o
 .text.__NVIC_SetPriority
                0x0000000008000ce8       0x54 ./Core/Src/tim.o
 .text.NVIC_EncodePriority
                0x0000000008000d3c       0x66 ./Core/Src/tim.o
 *fill*         0x0000000008000da2        0x2 
 .text.LL_AHB1_GRP1_EnableClock
                0x0000000008000da4       0x30 ./Core/Src/tim.o
 .text.LL_APB1_GRP1_EnableClock
                0x0000000008000dd4       0x30 ./Core/Src/tim.o
 .text.LL_TIM_EnableCounter
                0x0000000008000e04       0x20 ./Core/Src/tim.o
 .text.LL_TIM_DisableARRPreload
                0x0000000008000e24       0x20 ./Core/Src/tim.o
 .text.LL_TIM_CC_EnableChannel
                0x0000000008000e44       0x22 ./Core/Src/tim.o
 *fill*         0x0000000008000e66        0x2 
 .text.LL_TIM_OC_DisableFast
                0x0000000008000e68       0xa4 ./Core/Src/tim.o
 .text.LL_TIM_OC_EnablePreload
                0x0000000008000f0c       0xa0 ./Core/Src/tim.o
 .text.LL_TIM_SetClockSource
                0x0000000008000fac       0x2a ./Core/Src/tim.o
 .text.LL_TIM_SetTriggerOutput
                0x0000000008000fd6       0x26 ./Core/Src/tim.o
 .text.LL_TIM_DisableMasterSlaveMode
                0x0000000008000ffc       0x20 ./Core/Src/tim.o
 .text.LL_TIM_EnableIT_UPDATE
                0x000000000800101c       0x20 ./Core/Src/tim.o
 .text.TIM2_RegisterCallback
                0x000000000800103c       0x24 ./Core/Src/tim.o
                0x000000000800103c                TIM2_RegisterCallback
 .text.MX_TIM2_Init
                0x0000000008001060      0x142 ./Core/Src/tim.o
                0x0000000008001060                MX_TIM2_Init
 *fill*         0x00000000080011a2        0x2 
 .text.__NVIC_GetPriorityGrouping
                0x00000000080011a4       0x1c ./Core/Src/usart.o
 .text.__NVIC_EnableIRQ
                0x00000000080011c0       0x3c ./Core/Src/usart.o
 .text.__NVIC_SetPriority
                0x00000000080011fc       0x54 ./Core/Src/usart.o
 .text.NVIC_EncodePriority
                0x0000000008001250       0x66 ./Core/Src/usart.o
 *fill*         0x00000000080012b6        0x2 
 .text.LL_DMA_EnableChannel
                0x00000000080012b8       0x40 ./Core/Src/usart.o
 .text.LL_DMA_DisableChannel
                0x00000000080012f8       0x40 ./Core/Src/usart.o
 .text.LL_DMA_SetDataTransferDirection
                0x0000000008001338       0x4c ./Core/Src/usart.o
 .text.LL_DMA_GetDataTransferDirection
                0x0000000008001384       0x30 ./Core/Src/usart.o
 .text.LL_DMA_SetMode
                0x00000000080013b4       0x48 ./Core/Src/usart.o
 .text.LL_DMA_SetPeriphIncMode
                0x00000000080013fc       0x48 ./Core/Src/usart.o
 .text.LL_DMA_SetMemoryIncMode
                0x0000000008001444       0x48 ./Core/Src/usart.o
 .text.LL_DMA_SetPeriphSize
                0x000000000800148c       0x48 ./Core/Src/usart.o
 .text.LL_DMA_SetMemorySize
                0x00000000080014d4       0x48 ./Core/Src/usart.o
 .text.LL_DMA_SetChannelPriorityLevel
                0x000000000800151c       0x48 ./Core/Src/usart.o
 .text.LL_DMA_SetDataLength
                0x0000000008001564       0x48 ./Core/Src/usart.o
 .text.LL_DMA_GetDataLength
                0x00000000080015ac       0x2c ./Core/Src/usart.o
 .text.LL_DMA_ConfigAddresses
                0x00000000080015d8       0x78 ./Core/Src/usart.o
 .text.LL_DMA_IsActiveFlag_TC6
                0x0000000008001650       0x28 ./Core/Src/usart.o
 .text.LL_DMA_IsActiveFlag_HT6
                0x0000000008001678       0x28 ./Core/Src/usart.o
 .text.LL_DMA_EnableIT_TC
                0x00000000080016a0       0x40 ./Core/Src/usart.o
 .text.LL_DMA_EnableIT_HT
                0x00000000080016e0       0x40 ./Core/Src/usart.o
 .text.LL_AHB1_GRP1_EnableClock
                0x0000000008001720       0x30 ./Core/Src/usart.o
 .text.LL_APB1_GRP1_EnableClock
                0x0000000008001750       0x30 ./Core/Src/usart.o
 .text.LL_USART_Enable
                0x0000000008001780       0x20 ./Core/Src/usart.o
 .text.LL_USART_ConfigAsyncMode
                0x00000000080017a0       0x2c ./Core/Src/usart.o
 .text.LL_USART_EnableIT_IDLE
                0x00000000080017cc       0x42 ./Core/Src/usart.o
 .text.LL_USART_DisableIT_CTS
                0x000000000800180e       0x46 ./Core/Src/usart.o
 .text.LL_USART_EnableDMAReq_RX
                0x0000000008001854       0x46 ./Core/Src/usart.o
 .text.LL_USART_DMA_GetRegAddr
                0x000000000800189a       0x2c ./Core/Src/usart.o
 *fill*         0x00000000080018c6        0x2 
 .text.MX_USART2_UART_Init
                0x00000000080018c8      0x170 ./Core/Src/usart.o
                0x00000000080018c8                MX_USART2_UART_Init
 .text.USART2_RegisterCallback
                0x0000000008001a38       0x24 ./Core/Src/usart.o
                0x0000000008001a38                USART2_RegisterCallback
 .text.USART2_CheckDmaReception
                0x0000000008001a5c       0xd0 ./Core/Src/usart.o
                0x0000000008001a5c                USART2_CheckDmaReception
 .text.Reset_Handler
                0x0000000008001b2c       0x50 ./Core/Startup/startup_stm32f303k8tx.o
                0x0000000008001b2c                Reset_Handler
 .text.Default_Handler
                0x0000000008001b7c        0x2 ./Core/Startup/startup_stm32f303k8tx.o
                0x0000000008001b7c                RTC_Alarm_IRQHandler
                0x0000000008001b7c                TIM1_CC_IRQHandler
                0x0000000008001b7c                PVD_IRQHandler
                0x0000000008001b7c                TAMP_STAMP_IRQHandler
                0x0000000008001b7c                EXTI3_IRQHandler
                0x0000000008001b7c                EXTI0_IRQHandler
                0x0000000008001b7c                FPU_IRQHandler
                0x0000000008001b7c                CAN_TX_IRQHandler
                0x0000000008001b7c                TIM1_UP_TIM16_IRQHandler
                0x0000000008001b7c                ADC1_2_IRQHandler
                0x0000000008001b7c                SPI1_IRQHandler
                0x0000000008001b7c                CAN_SCE_IRQHandler
                0x0000000008001b7c                DMA1_Channel4_IRQHandler
                0x0000000008001b7c                USART3_IRQHandler
                0x0000000008001b7c                DMA1_Channel7_IRQHandler
                0x0000000008001b7c                TIM7_DAC2_IRQHandler
                0x0000000008001b7c                CAN_RX1_IRQHandler
                0x0000000008001b7c                I2C1_EV_IRQHandler
                0x0000000008001b7c                TIM3_IRQHandler
                0x0000000008001b7c                RCC_IRQHandler
                0x0000000008001b7c                DMA1_Channel1_IRQHandler
                0x0000000008001b7c                Default_Handler
                0x0000000008001b7c                EXTI15_10_IRQHandler
                0x0000000008001b7c                COMP2_IRQHandler
                0x0000000008001b7c                TIM6_DAC1_IRQHandler
                0x0000000008001b7c                EXTI9_5_IRQHandler
                0x0000000008001b7c                RTC_WKUP_IRQHandler
                0x0000000008001b7c                DMA1_Channel5_IRQHandler
                0x0000000008001b7c                EXTI4_IRQHandler
                0x0000000008001b7c                TIM1_TRG_COM_TIM17_IRQHandler
                0x0000000008001b7c                DMA1_Channel3_IRQHandler
                0x0000000008001b7c                WWDG_IRQHandler
                0x0000000008001b7c                EXTI1_IRQHandler
                0x0000000008001b7c                COMP4_6_IRQHandler
                0x0000000008001b7c                DMA1_Channel2_IRQHandler
                0x0000000008001b7c                FLASH_IRQHandler
                0x0000000008001b7c                USART1_IRQHandler
                0x0000000008001b7c                CAN_RX0_IRQHandler
                0x0000000008001b7c                I2C1_ER_IRQHandler
                0x0000000008001b7c                EXTI2_TSC_IRQHandler
                0x0000000008001b7c                TIM1_BRK_TIM15_IRQHandler
 .text.LL_GPIO_SetPinMode
                0x0000000008001b7e       0x5e ./Drivers/STM32F3xx_HAL_Driver/Src/stm32f3xx_ll_gpio.o
 .text.LL_GPIO_SetPinOutputType
                0x0000000008001bdc       0x30 ./Drivers/STM32F3xx_HAL_Driver/Src/stm32f3xx_ll_gpio.o
 .text.LL_GPIO_SetPinSpeed
                0x0000000008001c0c       0x5e ./Drivers/STM32F3xx_HAL_Driver/Src/stm32f3xx_ll_gpio.o
 .text.LL_GPIO_SetPinPull
                0x0000000008001c6a       0x5e ./Drivers/STM32F3xx_HAL_Driver/Src/stm32f3xx_ll_gpio.o
 .text.LL_GPIO_SetAFPin_0_7
                0x0000000008001cc8       0x5e ./Drivers/STM32F3xx_HAL_Driver/Src/stm32f3xx_ll_gpio.o
 .text.LL_GPIO_SetAFPin_8_15
                0x0000000008001d26       0x62 ./Drivers/STM32F3xx_HAL_Driver/Src/stm32f3xx_ll_gpio.o
 .text.LL_GPIO_Init
                0x0000000008001d88       0xe0 ./Drivers/STM32F3xx_HAL_Driver/Src/stm32f3xx_ll_gpio.o
                0x0000000008001d88                LL_GPIO_Init
 .text.LL_RCC_HSI_IsReady
                0x0000000008001e68       0x24 ./Drivers/STM32F3xx_HAL_Driver/Src/stm32f3xx_ll_rcc.o
 .text.LL_RCC_LSE_IsReady
                0x0000000008001e8c       0x24 ./Drivers/STM32F3xx_HAL_Driver/Src/stm32f3xx_ll_rcc.o
 .text.LL_RCC_GetSysClkSource
                0x0000000008001eb0       0x1c ./Drivers/STM32F3xx_HAL_Driver/Src/stm32f3xx_ll_rcc.o
 .text.LL_RCC_GetAHBPrescaler
                0x0000000008001ecc       0x1c ./Drivers/STM32F3xx_HAL_Driver/Src/stm32f3xx_ll_rcc.o
 .text.LL_RCC_GetAPB1Prescaler
                0x0000000008001ee8       0x1c ./Drivers/STM32F3xx_HAL_Driver/Src/stm32f3xx_ll_rcc.o
 .text.LL_RCC_GetAPB2Prescaler
                0x0000000008001f04       0x1c ./Drivers/STM32F3xx_HAL_Driver/Src/stm32f3xx_ll_rcc.o
 .text.LL_RCC_GetUSARTClockSource
                0x0000000008001f20       0x2c ./Drivers/STM32F3xx_HAL_Driver/Src/stm32f3xx_ll_rcc.o
 .text.LL_RCC_PLL_GetMainSource
                0x0000000008001f4c       0x1c ./Drivers/STM32F3xx_HAL_Driver/Src/stm32f3xx_ll_rcc.o
 .text.LL_RCC_PLL_GetMultiplicator
                0x0000000008001f68       0x1c ./Drivers/STM32F3xx_HAL_Driver/Src/stm32f3xx_ll_rcc.o
 .text.LL_RCC_PLL_GetPrediv
                0x0000000008001f84       0x1c ./Drivers/STM32F3xx_HAL_Driver/Src/stm32f3xx_ll_rcc.o
 .text.LL_RCC_GetSystemClocksFreq
                0x0000000008001fa0       0x4a ./Drivers/STM32F3xx_HAL_Driver/Src/stm32f3xx_ll_rcc.o
                0x0000000008001fa0                LL_RCC_GetSystemClocksFreq
 *fill*         0x0000000008001fea        0x2 
 .text.LL_RCC_GetUSARTClockFreq
                0x0000000008001fec       0x88 ./Drivers/STM32F3xx_HAL_Driver/Src/stm32f3xx_ll_rcc.o
                0x0000000008001fec                LL_RCC_GetUSARTClockFreq
 .text.RCC_GetSystemClockFreq
                0x0000000008002074       0x4c ./Drivers/STM32F3xx_HAL_Driver/Src/stm32f3xx_ll_rcc.o
                0x0000000008002074                RCC_GetSystemClockFreq
 .text.RCC_GetHCLKClockFreq
                0x00000000080020c0       0x2c ./Drivers/STM32F3xx_HAL_Driver/Src/stm32f3xx_ll_rcc.o
                0x00000000080020c0                RCC_GetHCLKClockFreq
 .text.RCC_GetPCLK1ClockFreq
                0x00000000080020ec       0x28 ./Drivers/STM32F3xx_HAL_Driver/Src/stm32f3xx_ll_rcc.o
                0x00000000080020ec                RCC_GetPCLK1ClockFreq
 .text.RCC_GetPCLK2ClockFreq
                0x0000000008002114       0x28 ./Drivers/STM32F3xx_HAL_Driver/Src/stm32f3xx_ll_rcc.o
                0x0000000008002114                RCC_GetPCLK2ClockFreq
 .text.RCC_PLL_GetFreqDomain_SYS
                0x000000000800213c       0x7c ./Drivers/STM32F3xx_HAL_Driver/Src/stm32f3xx_ll_rcc.o
                0x000000000800213c                RCC_PLL_GetFreqDomain_SYS
 .text.LL_TIM_SetPrescaler
                0x00000000080021b8       0x1c ./Drivers/STM32F3xx_HAL_Driver/Src/stm32f3xx_ll_tim.o
 .text.LL_TIM_SetAutoReload
                0x00000000080021d4       0x1c ./Drivers/STM32F3xx_HAL_Driver/Src/stm32f3xx_ll_tim.o
 .text.LL_TIM_SetRepetitionCounter
                0x00000000080021f0       0x1c ./Drivers/STM32F3xx_HAL_Driver/Src/stm32f3xx_ll_tim.o
 .text.LL_TIM_OC_SetCompareCH1
                0x000000000800220c       0x1c ./Drivers/STM32F3xx_HAL_Driver/Src/stm32f3xx_ll_tim.o
 .text.LL_TIM_OC_SetCompareCH2
                0x0000000008002228       0x1c ./Drivers/STM32F3xx_HAL_Driver/Src/stm32f3xx_ll_tim.o
 .text.LL_TIM_OC_SetCompareCH3
                0x0000000008002244       0x1c ./Drivers/STM32F3xx_HAL_Driver/Src/stm32f3xx_ll_tim.o
 .text.LL_TIM_OC_SetCompareCH4
                0x0000000008002260       0x1c ./Drivers/STM32F3xx_HAL_Driver/Src/stm32f3xx_ll_tim.o
 .text.LL_TIM_OC_SetCompareCH5
                0x000000000800227c       0x20 ./Drivers/STM32F3xx_HAL_Driver/Src/stm32f3xx_ll_tim.o
 .text.LL_TIM_OC_SetCompareCH6
                0x000000000800229c       0x1c ./Drivers/STM32F3xx_HAL_Driver/Src/stm32f3xx_ll_tim.o
 .text.LL_TIM_GenerateEvent_UPDATE
                0x00000000080022b8       0x20 ./Drivers/STM32F3xx_HAL_Driver/Src/stm32f3xx_ll_tim.o
 .text.LL_TIM_Init
                0x00000000080022d8       0xe4 ./Drivers/STM32F3xx_HAL_Driver/Src/stm32f3xx_ll_tim.o
                0x00000000080022d8                LL_TIM_Init
 .text.LL_TIM_OC_Init
                0x00000000080023bc       0xbe ./Drivers/STM32F3xx_HAL_Driver/Src/stm32f3xx_ll_tim.o
                0x00000000080023bc                LL_TIM_OC_Init
 *fill*         0x000000000800247a        0x2 
 .text.OC1Config
                0x000000000800247c       0xf4 ./Drivers/STM32F3xx_HAL_Driver/Src/stm32f3xx_ll_tim.o
 .text.OC2Config
                0x0000000008002570       0xfc ./Drivers/STM32F3xx_HAL_Driver/Src/stm32f3xx_ll_tim.o
 .text.OC3Config
                0x000000000800266c       0xfc ./Drivers/STM32F3xx_HAL_Driver/Src/stm32f3xx_ll_tim.o
 .text.OC4Config
                0x0000000008002768       0xcc ./Drivers/STM32F3xx_HAL_Driver/Src/stm32f3xx_ll_tim.o
 .text.OC5Config
                0x0000000008002834       0xbc ./Drivers/STM32F3xx_HAL_Driver/Src/stm32f3xx_ll_tim.o
 .text.OC6Config
                0x00000000080028f0       0xbc ./Drivers/STM32F3xx_HAL_Driver/Src/stm32f3xx_ll_tim.o
 .text.LL_USART_IsEnabled
                0x00000000080029ac       0x26 ./Drivers/STM32F3xx_HAL_Driver/Src/stm32f3xx_ll_usart.o
 .text.LL_USART_SetStopBitsLength
                0x00000000080029d2       0x26 ./Drivers/STM32F3xx_HAL_Driver/Src/stm32f3xx_ll_usart.o
 .text.LL_USART_SetHWFlowCtrl
                0x00000000080029f8       0x26 ./Drivers/STM32F3xx_HAL_Driver/Src/stm32f3xx_ll_usart.o
 .text.LL_USART_SetBaudRate
                0x0000000008002a1e       0x6e ./Drivers/STM32F3xx_HAL_Driver/Src/stm32f3xx_ll_usart.o
 .text.LL_USART_Init
                0x0000000008002a8c       0xd8 ./Drivers/STM32F3xx_HAL_Driver/Src/stm32f3xx_ll_usart.o
                0x0000000008002a8c                LL_USART_Init
 .text.LL_InitTick
                0x0000000008002b64       0x34 ./Drivers/STM32F3xx_HAL_Driver/Src/stm32f3xx_ll_utils.o
 .text.LL_Init1msTick
                0x0000000008002b98       0x1a ./Drivers/STM32F3xx_HAL_Driver/Src/stm32f3xx_ll_utils.o
                0x0000000008002b98                LL_Init1msTick
 *fill*         0x0000000008002bb2        0x2 
 .text.LL_SetSystemCoreClock
                0x0000000008002bb4       0x20 ./Drivers/STM32F3xx_HAL_Driver/Src/stm32f3xx_ll_utils.o
                0x0000000008002bb4                LL_SetSystemCoreClock
 .text.atoi     0x0000000008002bd4        0x8 c:/st/stm32cubeide_1.7.0/stm32cubeide/plugins/com.st.stm32cube.ide.mcu.externaltools.gnu-tools-for-stm32.9-2020-q2-update.win32_2.0.0.202105311346/tools/bin/../lib/gcc/arm-none-eabi/9.3.1/../../../../arm-none-eabi/lib/thumb/v7e-m+fp/hard\libc_nano.a(lib_a-atoi.o)
                0x0000000008002bd4                atoi
 .text.__errno  0x0000000008002bdc        0xc c:/st/stm32cubeide_1.7.0/stm32cubeide/plugins/com.st.stm32cube.ide.mcu.externaltools.gnu-tools-for-stm32.9-2020-q2-update.win32_2.0.0.202105311346/tools/bin/../lib/gcc/arm-none-eabi/9.3.1/../../../../arm-none-eabi/lib/thumb/v7e-m+fp/hard\libc_nano.a(lib_a-errno.o)
                0x0000000008002bdc                __errno
 .text.__libc_init_array
                0x0000000008002be8       0x48 c:/st/stm32cubeide_1.7.0/stm32cubeide/plugins/com.st.stm32cube.ide.mcu.externaltools.gnu-tools-for-stm32.9-2020-q2-update.win32_2.0.0.202105311346/tools/bin/../lib/gcc/arm-none-eabi/9.3.1/../../../../arm-none-eabi/lib/thumb/v7e-m+fp/hard\libc_nano.a(lib_a-init.o)
                0x0000000008002be8                __libc_init_array
 .text.memset   0x0000000008002c30       0x10 c:/st/stm32cubeide_1.7.0/stm32cubeide/plugins/com.st.stm32cube.ide.mcu.externaltools.gnu-tools-for-stm32.9-2020-q2-update.win32_2.0.0.202105311346/tools/bin/../lib/gcc/arm-none-eabi/9.3.1/../../../../arm-none-eabi/lib/thumb/v7e-m+fp/hard\libc_nano.a(lib_a-memset.o)
                0x0000000008002c30                memset
 .text.strcpy   0x0000000008002c40       0x10 c:/st/stm32cubeide_1.7.0/stm32cubeide/plugins/com.st.stm32cube.ide.mcu.externaltools.gnu-tools-for-stm32.9-2020-q2-update.win32_2.0.0.202105311346/tools/bin/../lib/gcc/arm-none-eabi/9.3.1/../../../../arm-none-eabi/lib/thumb/v7e-m+fp/hard\libc_nano.a(lib_a-strcpy.o)
                0x0000000008002c40                strcpy
 .text.strstr   0x0000000008002c50       0x2e c:/st/stm32cubeide_1.7.0/stm32cubeide/plugins/com.st.stm32cube.ide.mcu.externaltools.gnu-tools-for-stm32.9-2020-q2-update.win32_2.0.0.202105311346/tools/bin/../lib/gcc/arm-none-eabi/9.3.1/../../../../arm-none-eabi/lib/thumb/v7e-m+fp/hard\libc_nano.a(lib_a-strstr.o)
                0x0000000008002c50                strstr
 *fill*         0x0000000008002c7e        0x2 
 .text._strtol_l.isra.0
                0x0000000008002c80      0x108 c:/st/stm32cubeide_1.7.0/stm32cubeide/plugins/com.st.stm32cube.ide.mcu.externaltools.gnu-tools-for-stm32.9-2020-q2-update.win32_2.0.0.202105311346/tools/bin/../lib/gcc/arm-none-eabi/9.3.1/../../../../arm-none-eabi/lib/thumb/v7e-m+fp/hard\libc_nano.a(lib_a-strtol.o)
 .text.strtol   0x0000000008002d88       0x14 c:/st/stm32cubeide_1.7.0/stm32cubeide/plugins/com.st.stm32cube.ide.mcu.externaltools.gnu-tools-for-stm32.9-2020-q2-update.win32_2.0.0.202105311346/tools/bin/../lib/gcc/arm-none-eabi/9.3.1/../../../../arm-none-eabi/lib/thumb/v7e-m+fp/hard\libc_nano.a(lib_a-strtol.o)
                0x0000000008002d88                strtol
 *(.glue_7)
 .glue_7        0x0000000008002d9c        0x0 linker stubs
 *(.glue_7t)
 .glue_7t       0x0000000008002d9c        0x0 linker stubs
 *(.eh_frame)
 .eh_frame      0x0000000008002d9c        0x0 c:/st/stm32cubeide_1.7.0/stm32cubeide/plugins/com.st.stm32cube.ide.mcu.externaltools.gnu-tools-for-stm32.9-2020-q2-update.win32_2.0.0.202105311346/tools/bin/../lib/gcc/arm-none-eabi/9.3.1/thumb/v7e-m+fp/hard/crtbegin.o
 *(.init)
 .init          0x0000000008002d9c        0x4 c:/st/stm32cubeide_1.7.0/stm32cubeide/plugins/com.st.stm32cube.ide.mcu.externaltools.gnu-tools-for-stm32.9-2020-q2-update.win32_2.0.0.202105311346/tools/bin/../lib/gcc/arm-none-eabi/9.3.1/thumb/v7e-m+fp/hard/crti.o
                0x0000000008002d9c                _init
 .init          0x0000000008002da0        0x8 c:/st/stm32cubeide_1.7.0/stm32cubeide/plugins/com.st.stm32cube.ide.mcu.externaltools.gnu-tools-for-stm32.9-2020-q2-update.win32_2.0.0.202105311346/tools/bin/../lib/gcc/arm-none-eabi/9.3.1/thumb/v7e-m+fp/hard/crtn.o
 *(.fini)
 .fini          0x0000000008002da8        0x4 c:/st/stm32cubeide_1.7.0/stm32cubeide/plugins/com.st.stm32cube.ide.mcu.externaltools.gnu-tools-for-stm32.9-2020-q2-update.win32_2.0.0.202105311346/tools/bin/../lib/gcc/arm-none-eabi/9.3.1/thumb/v7e-m+fp/hard/crti.o
                0x0000000008002da8                _fini
 .fini          0x0000000008002dac        0x8 c:/st/stm32cubeide_1.7.0/stm32cubeide/plugins/com.st.stm32cube.ide.mcu.externaltools.gnu-tools-for-stm32.9-2020-q2-update.win32_2.0.0.202105311346/tools/bin/../lib/gcc/arm-none-eabi/9.3.1/thumb/v7e-m+fp/hard/crtn.o
                0x0000000008002db4                . = ALIGN (0x4)
                0x0000000008002db4                _etext = .

.vfp11_veneer   0x0000000008002db4        0x0
 .vfp11_veneer  0x0000000008002db4        0x0 linker stubs

.v4_bx          0x0000000008002db4        0x0
 .v4_bx         0x0000000008002db4        0x0 linker stubs

.iplt           0x0000000008002db4        0x0
 .iplt          0x0000000008002db4        0x0 c:/st/stm32cubeide_1.7.0/stm32cubeide/plugins/com.st.stm32cube.ide.mcu.externaltools.gnu-tools-for-stm32.9-2020-q2-update.win32_2.0.0.202105311346/tools/bin/../lib/gcc/arm-none-eabi/9.3.1/thumb/v7e-m+fp/hard/crtbegin.o

.rodata         0x0000000008002db4      0x14c
                0x0000000008002db4                . = ALIGN (0x4)
 *(.rodata)
 *(.rodata*)
 .rodata.CMD_AUTO
                0x0000000008002db4        0x5 ./Core/Src/main.o
                0x0000000008002db4                CMD_AUTO
 *fill*         0x0000000008002db9        0x3 
 .rodata.CMD_MAN
                0x0000000008002dbc        0x7 ./Core/Src/main.o
                0x0000000008002dbc                CMD_MAN
 *fill*         0x0000000008002dc3        0x1 
 .rodata.CMD_PWM
                0x0000000008002dc4        0x4 ./Core/Src/main.o
                0x0000000008002dc4                CMD_PWM
 .rodata.AHBPrescTable
                0x0000000008002dc8       0x10 ./Core/Src/system_stm32f3xx.o
                0x0000000008002dc8                AHBPrescTable
 .rodata.APBPrescTable
                0x0000000008002dd8        0x8 ./Core/Src/system_stm32f3xx.o
                0x0000000008002dd8                APBPrescTable
 .rodata.OFFSET_TAB_CCMRx
                0x0000000008002de0        0x9 ./Core/Src/tim.o
 *fill*         0x0000000008002de9        0x3 
 .rodata.SHIFT_TAB_OCxx
                0x0000000008002dec        0x9 ./Core/Src/tim.o
 *fill*         0x0000000008002df5        0x3 
 .rodata.CHANNEL_OFFSET_TAB
                0x0000000008002df8        0x7 ./Core/Src/usart.o
 .rodata._ctype_
                0x0000000008002dff      0x101 c:/st/stm32cubeide_1.7.0/stm32cubeide/plugins/com.st.stm32cube.ide.mcu.externaltools.gnu-tools-for-stm32.9-2020-q2-update.win32_2.0.0.202105311346/tools/bin/../lib/gcc/arm-none-eabi/9.3.1/../../../../arm-none-eabi/lib/thumb/v7e-m+fp/hard\libc_nano.a(lib_a-ctype_.o)
                0x0000000008002dff                _ctype_
                0x0000000008002f00                . = ALIGN (0x4)

.rel.dyn        0x0000000008002f00        0x0
 .rel.iplt      0x0000000008002f00        0x0 c:/st/stm32cubeide_1.7.0/stm32cubeide/plugins/com.st.stm32cube.ide.mcu.externaltools.gnu-tools-for-stm32.9-2020-q2-update.win32_2.0.0.202105311346/tools/bin/../lib/gcc/arm-none-eabi/9.3.1/thumb/v7e-m+fp/hard/crtbegin.o

.ARM.extab      0x0000000008002f00        0x0
                0x0000000008002f00                . = ALIGN (0x4)
 *(.ARM.extab* .gnu.linkonce.armextab.*)
                0x0000000008002f00                . = ALIGN (0x4)

.ARM            0x0000000008002f00        0x0
                0x0000000008002f00                . = ALIGN (0x4)
                0x0000000008002f00                __exidx_start = .
 *(.ARM.exidx*)
                0x0000000008002f00                __exidx_end = .
                0x0000000008002f00                . = ALIGN (0x4)

.preinit_array  0x0000000008002f00        0x0
                0x0000000008002f00                . = ALIGN (0x4)
                0x0000000008002f00                PROVIDE (__preinit_array_start = .)
 *(.preinit_array*)
                0x0000000008002f00                PROVIDE (__preinit_array_end = .)
                0x0000000008002f00                . = ALIGN (0x4)

.init_array     0x0000000008002f00        0x4
                0x0000000008002f00                . = ALIGN (0x4)
                0x0000000008002f00                PROVIDE (__init_array_start = .)
 *(SORT_BY_NAME(.init_array.*))
 *(.init_array*)
 .init_array    0x0000000008002f00        0x4 c:/st/stm32cubeide_1.7.0/stm32cubeide/plugins/com.st.stm32cube.ide.mcu.externaltools.gnu-tools-for-stm32.9-2020-q2-update.win32_2.0.0.202105311346/tools/bin/../lib/gcc/arm-none-eabi/9.3.1/thumb/v7e-m+fp/hard/crtbegin.o
                0x0000000008002f04                PROVIDE (__init_array_end = .)
                0x0000000008002f04                . = ALIGN (0x4)

.fini_array     0x0000000008002f04        0x4
                0x0000000008002f04                . = ALIGN (0x4)
                [!provide]                        PROVIDE (__fini_array_start = .)
 *(SORT_BY_NAME(.fini_array.*))
 *(.fini_array*)
 .fini_array    0x0000000008002f04        0x4 c:/st/stm32cubeide_1.7.0/stm32cubeide/plugins/com.st.stm32cube.ide.mcu.externaltools.gnu-tools-for-stm32.9-2020-q2-update.win32_2.0.0.202105311346/tools/bin/../lib/gcc/arm-none-eabi/9.3.1/thumb/v7e-m+fp/hard/crtbegin.o
                [!provide]                        PROVIDE (__fini_array_end = .)
                0x0000000008002f08                . = ALIGN (0x4)
                0x0000000008002f08                _sidata = LOADADDR (.data)

.data           0x0000000020000000       0x68 load address 0x0000000008002f08
                0x0000000020000000                . = ALIGN (0x4)
                0x0000000020000000                _sdata = .
 *(.data)
 *(.data*)
 .data.SystemCoreClock
                0x0000000020000000        0x4 ./Core/Src/system_stm32f3xx.o
                0x0000000020000000                SystemCoreClock
 .data._impure_ptr
                0x0000000020000004        0x4 c:/st/stm32cubeide_1.7.0/stm32cubeide/plugins/com.st.stm32cube.ide.mcu.externaltools.gnu-tools-for-stm32.9-2020-q2-update.win32_2.0.0.202105311346/tools/bin/../lib/gcc/arm-none-eabi/9.3.1/../../../../arm-none-eabi/lib/thumb/v7e-m+fp/hard\libc_nano.a(lib_a-impure.o)
                0x0000000020000004                _impure_ptr
 .data.impure_data
                0x0000000020000008       0x60 c:/st/stm32cubeide_1.7.0/stm32cubeide/plugins/com.st.stm32cube.ide.mcu.externaltools.gnu-tools-for-stm32.9-2020-q2-update.win32_2.0.0.202105311346/tools/bin/../lib/gcc/arm-none-eabi/9.3.1/../../../../arm-none-eabi/lib/thumb/v7e-m+fp/hard\libc_nano.a(lib_a-impure.o)
 *(.RamFunc)
 *(.RamFunc*)
                0x0000000020000068                . = ALIGN (0x4)
                0x0000000020000068                _edata = .
                0x0000000008002f70                _siccmram = LOADADDR (.ccmram)

.igot.plt       0x0000000020000068        0x0 load address 0x0000000008002f70
 .igot.plt      0x0000000020000068        0x0 c:/st/stm32cubeide_1.7.0/stm32cubeide/plugins/com.st.stm32cube.ide.mcu.externaltools.gnu-tools-for-stm32.9-2020-q2-update.win32_2.0.0.202105311346/tools/bin/../lib/gcc/arm-none-eabi/9.3.1/thumb/v7e-m+fp/hard/crtbegin.o

.ccmram         0x0000000010000000        0x0 load address 0x0000000008002f70
                0x0000000010000000                . = ALIGN (0x4)
                0x0000000010000000                _sccmram = .
 *(.ccmram)
 *(.ccmram*)
                0x0000000010000000                . = ALIGN (0x4)
                0x0000000010000000                _eccmram = .
                0x0000000010000000                . = ALIGN (0x4)

.bss            0x0000000020000068      0x104
                0x0000000020000068                _sbss = .
                0x0000000020000068                __bss_start__ = _sbss
 *(.bss)
 .bss           0x0000000020000068       0x1c c:/st/stm32cubeide_1.7.0/stm32cubeide/plugins/com.st.stm32cube.ide.mcu.externaltools.gnu-tools-for-stm32.9-2020-q2-update.win32_2.0.0.202105311346/tools/bin/../lib/gcc/arm-none-eabi/9.3.1/thumb/v7e-m+fp/hard/crtbegin.o
 *(.bss*)
 .bss.SignStartDet
                0x0000000020000084        0x1 ./Core/Src/main.o
                0x0000000020000084                SignStartDet
 .bss.SignEndDet
                0x0000000020000085        0x1 ./Core/Src/main.o
                0x0000000020000085                SignEndDet
 .bss.receivedLetters.10560
                0x0000000020000086        0x1 ./Core/Src/main.o
 *fill*         0x0000000020000087        0x1 
 .bss.TIM2_ProcessData
                0x0000000020000088        0x4 ./Core/Src/tim.o
 .bss.USART2_ProcessData
                0x000000002000008c        0x4 ./Core/Src/usart.o
 .bss.old_pos.10524
                0x0000000020000090        0x2 ./Core/Src/usart.o
 *(COMMON)
 *fill*         0x0000000020000092        0x2 
 COMMON         0x0000000020000094        0xc ./Core/Src/dma.o
                0x0000000020000094                PWM_ValueDirection
                0x0000000020000095                PWM_ValueReq
                0x0000000020000096                mode
                0x0000000020000097                cmdData
                0x0000000020000098                PWM_Value
                0x000000002000009c                BufferCapacity
 COMMON         0x00000000200000a0       0x4b ./Core/Src/main.o
                0x00000000200000a0                ReceivedDataStr
 *fill*         0x00000000200000eb        0x1 
 COMMON         0x00000000200000ec       0x80 ./Core/Src/usart.o
                0x00000000200000ec                bufferUSART2dma
                0x000000002000016c                . = ALIGN (0x4)
                0x000000002000016c                _ebss = .
                0x000000002000016c                __bss_end__ = _ebss

._user_heap_stack
                0x000000002000016c      0x604
                0x0000000020000170                . = ALIGN (0x8)
 *fill*         0x000000002000016c        0x4 
                [!provide]                        PROVIDE (end = .)
                0x0000000020000170                PROVIDE (_end = .)
                0x0000000020000370                . = (. + _Min_Heap_Size)
 *fill*         0x0000000020000170      0x200 
                0x0000000020000770                . = (. + _Min_Stack_Size)
 *fill*         0x0000000020000370      0x400 
                0x0000000020000770                . = ALIGN (0x8)

/DISCARD/
 libc.a(*)
 libm.a(*)
 libgcc.a(*)

.ARM.attributes
                0x0000000000000000       0x30
 *(.ARM.attributes)
 .ARM.attributes
                0x0000000000000000       0x1e c:/st/stm32cubeide_1.7.0/stm32cubeide/plugins/com.st.stm32cube.ide.mcu.externaltools.gnu-tools-for-stm32.9-2020-q2-update.win32_2.0.0.202105311346/tools/bin/../lib/gcc/arm-none-eabi/9.3.1/thumb/v7e-m+fp/hard/crti.o
 .ARM.attributes
                0x000000000000001e       0x34 c:/st/stm32cubeide_1.7.0/stm32cubeide/plugins/com.st.stm32cube.ide.mcu.externaltools.gnu-tools-for-stm32.9-2020-q2-update.win32_2.0.0.202105311346/tools/bin/../lib/gcc/arm-none-eabi/9.3.1/thumb/v7e-m+fp/hard/crtbegin.o
 .ARM.attributes
                0x0000000000000052       0x34 ./Core/Src/dma.o
 .ARM.attributes
                0x0000000000000086       0x34 ./Core/Src/gpio.o
 .ARM.attributes
                0x00000000000000ba       0x34 ./Core/Src/main.o
 .ARM.attributes
                0x00000000000000ee       0x34 ./Core/Src/stm32f3xx_it.o
 .ARM.attributes
                0x0000000000000122       0x34 ./Core/Src/system_stm32f3xx.o
 .ARM.attributes
                0x0000000000000156       0x34 ./Core/Src/tim.o
 .ARM.attributes
                0x000000000000018a       0x34 ./Core/Src/usart.o
 .ARM.attributes
                0x00000000000001be       0x21 ./Core/Startup/startup_stm32f303k8tx.o
 .ARM.attributes
                0x00000000000001df       0x34 ./Drivers/STM32F3xx_HAL_Driver/Src/stm32f3xx_ll_gpio.o
 .ARM.attributes
                0x0000000000000213       0x34 ./Drivers/STM32F3xx_HAL_Driver/Src/stm32f3xx_ll_rcc.o
 .ARM.attributes
                0x0000000000000247       0x34 ./Drivers/STM32F3xx_HAL_Driver/Src/stm32f3xx_ll_tim.o
 .ARM.attributes
                0x000000000000027b       0x34 ./Drivers/STM32F3xx_HAL_Driver/Src/stm32f3xx_ll_usart.o
 .ARM.attributes
                0x00000000000002af       0x34 ./Drivers/STM32F3xx_HAL_Driver/Src/stm32f3xx_ll_utils.o
 .ARM.attributes
                0x00000000000002e3       0x34 c:/st/stm32cubeide_1.7.0/stm32cubeide/plugins/com.st.stm32cube.ide.mcu.externaltools.gnu-tools-for-stm32.9-2020-q2-update.win32_2.0.0.202105311346/tools/bin/../lib/gcc/arm-none-eabi/9.3.1/../../../../arm-none-eabi/lib/thumb/v7e-m+fp/hard\libc_nano.a(lib_a-atoi.o)
 .ARM.attributes
                0x0000000000000317       0x34 c:/st/stm32cubeide_1.7.0/stm32cubeide/plugins/com.st.stm32cube.ide.mcu.externaltools.gnu-tools-for-stm32.9-2020-q2-update.win32_2.0.0.202105311346/tools/bin/../lib/gcc/arm-none-eabi/9.3.1/../../../../arm-none-eabi/lib/thumb/v7e-m+fp/hard\libc_nano.a(lib_a-errno.o)
 .ARM.attributes
                0x000000000000034b       0x32 c:/st/stm32cubeide_1.7.0/stm32cubeide/plugins/com.st.stm32cube.ide.mcu.externaltools.gnu-tools-for-stm32.9-2020-q2-update.win32_2.0.0.202105311346/tools/bin/../lib/gcc/arm-none-eabi/9.3.1/../../../../arm-none-eabi/lib/thumb/v7e-m+fp/hard\libc_nano.a(lib_a-impure.o)
 .ARM.attributes
                0x000000000000037d       0x34 c:/st/stm32cubeide_1.7.0/stm32cubeide/plugins/com.st.stm32cube.ide.mcu.externaltools.gnu-tools-for-stm32.9-2020-q2-update.win32_2.0.0.202105311346/tools/bin/../lib/gcc/arm-none-eabi/9.3.1/../../../../arm-none-eabi/lib/thumb/v7e-m+fp/hard\libc_nano.a(lib_a-init.o)
 .ARM.attributes
                0x00000000000003b1       0x34 c:/st/stm32cubeide_1.7.0/stm32cubeide/plugins/com.st.stm32cube.ide.mcu.externaltools.gnu-tools-for-stm32.9-2020-q2-update.win32_2.0.0.202105311346/tools/bin/../lib/gcc/arm-none-eabi/9.3.1/../../../../arm-none-eabi/lib/thumb/v7e-m+fp/hard\libc_nano.a(lib_a-memset.o)
 .ARM.attributes
                0x00000000000003e5       0x34 c:/st/stm32cubeide_1.7.0/stm32cubeide/plugins/com.st.stm32cube.ide.mcu.externaltools.gnu-tools-for-stm32.9-2020-q2-update.win32_2.0.0.202105311346/tools/bin/../lib/gcc/arm-none-eabi/9.3.1/../../../../arm-none-eabi/lib/thumb/v7e-m+fp/hard\libc_nano.a(lib_a-strcpy.o)
 .ARM.attributes
                0x0000000000000419       0x34 c:/st/stm32cubeide_1.7.0/stm32cubeide/plugins/com.st.stm32cube.ide.mcu.externaltools.gnu-tools-for-stm32.9-2020-q2-update.win32_2.0.0.202105311346/tools/bin/../lib/gcc/arm-none-eabi/9.3.1/../../../../arm-none-eabi/lib/thumb/v7e-m+fp/hard\libc_nano.a(lib_a-strstr.o)
 .ARM.attributes
                0x000000000000044d       0x34 c:/st/stm32cubeide_1.7.0/stm32cubeide/plugins/com.st.stm32cube.ide.mcu.externaltools.gnu-tools-for-stm32.9-2020-q2-update.win32_2.0.0.202105311346/tools/bin/../lib/gcc/arm-none-eabi/9.3.1/../../../../arm-none-eabi/lib/thumb/v7e-m+fp/hard\libc_nano.a(lib_a-strtol.o)
 .ARM.attributes
                0x0000000000000481       0x32 c:/st/stm32cubeide_1.7.0/stm32cubeide/plugins/com.st.stm32cube.ide.mcu.externaltools.gnu-tools-for-stm32.9-2020-q2-update.win32_2.0.0.202105311346/tools/bin/../lib/gcc/arm-none-eabi/9.3.1/../../../../arm-none-eabi/lib/thumb/v7e-m+fp/hard\libc_nano.a(lib_a-ctype_.o)
 .ARM.attributes
                0x00000000000004b3       0x1e c:/st/stm32cubeide_1.7.0/stm32cubeide/plugins/com.st.stm32cube.ide.mcu.externaltools.gnu-tools-for-stm32.9-2020-q2-update.win32_2.0.0.202105311346/tools/bin/../lib/gcc/arm-none-eabi/9.3.1/thumb/v7e-m+fp/hard/crtn.o
OUTPUT(vrs_cvicenie_10.elf elf32-littlearm)
LOAD linker stubs
LOAD c:/st/stm32cubeide_1.7.0/stm32cubeide/plugins/com.st.stm32cube.ide.mcu.externaltools.gnu-tools-for-stm32.9-2020-q2-update.win32_2.0.0.202105311346/tools/bin/../lib/gcc/arm-none-eabi/9.3.1/../../../../arm-none-eabi/lib/thumb/v7e-m+fp/hard\libc.a
LOAD c:/st/stm32cubeide_1.7.0/stm32cubeide/plugins/com.st.stm32cube.ide.mcu.externaltools.gnu-tools-for-stm32.9-2020-q2-update.win32_2.0.0.202105311346/tools/bin/../lib/gcc/arm-none-eabi/9.3.1/../../../../arm-none-eabi/lib/thumb/v7e-m+fp/hard\libm.a
LOAD c:/st/stm32cubeide_1.7.0/stm32cubeide/plugins/com.st.stm32cube.ide.mcu.externaltools.gnu-tools-for-stm32.9-2020-q2-update.win32_2.0.0.202105311346/tools/bin/../lib/gcc/arm-none-eabi/9.3.1/thumb/v7e-m+fp/hard\libgcc.a

.debug_info     0x0000000000000000     0xaddd
 .debug_info    0x0000000000000000     0x11ec ./Core/Src/dma.o
 .debug_info    0x00000000000011ec      0xcb5 ./Core/Src/gpio.o
 .debug_info    0x0000000000001ea1     0x15ca ./Core/Src/main.o
 .debug_info    0x000000000000346b     0x1060 ./Core/Src/stm32f3xx_it.o
 .debug_info    0x00000000000044cb      0x439 ./Core/Src/system_stm32f3xx.o
 .debug_info    0x0000000000004904     0x1807 ./Core/Src/tim.o
 .debug_info    0x000000000000610b     0x1d44 ./Core/Src/usart.o
 .debug_info    0x0000000000007e4f       0x22 ./Core/Startup/startup_stm32f303k8tx.o
 .debug_info    0x0000000000007e71      0x7ce ./Drivers/STM32F3xx_HAL_Driver/Src/stm32f3xx_ll_gpio.o
 .debug_info    0x000000000000863f      0x74c ./Drivers/STM32F3xx_HAL_Driver/Src/stm32f3xx_ll_rcc.o
 .debug_info    0x0000000000008d8b     0x1092 ./Drivers/STM32F3xx_HAL_Driver/Src/stm32f3xx_ll_tim.o
 .debug_info    0x0000000000009e1d      0x72b ./Drivers/STM32F3xx_HAL_Driver/Src/stm32f3xx_ll_usart.o
 .debug_info    0x000000000000a548      0x895 ./Drivers/STM32F3xx_HAL_Driver/Src/stm32f3xx_ll_utils.o

.debug_abbrev   0x0000000000000000     0x1d7c
 .debug_abbrev  0x0000000000000000      0x29f ./Core/Src/dma.o
 .debug_abbrev  0x000000000000029f      0x224 ./Core/Src/gpio.o
 .debug_abbrev  0x00000000000004c3      0x364 ./Core/Src/main.o
 .debug_abbrev  0x0000000000000827      0x26e ./Core/Src/stm32f3xx_it.o
 .debug_abbrev  0x0000000000000a95      0x129 ./Core/Src/system_stm32f3xx.o
 .debug_abbrev  0x0000000000000bbe      0x2ce ./Core/Src/tim.o
 .debug_abbrev  0x0000000000000e8c      0x37e ./Core/Src/usart.o
 .debug_abbrev  0x000000000000120a       0x12 ./Core/Startup/startup_stm32f303k8tx.o
 .debug_abbrev  0x000000000000121c      0x23b ./Drivers/STM32F3xx_HAL_Driver/Src/stm32f3xx_ll_gpio.o
 .debug_abbrev  0x0000000000001457      0x261 ./Drivers/STM32F3xx_HAL_Driver/Src/stm32f3xx_ll_rcc.o
 .debug_abbrev  0x00000000000016b8      0x22b ./Drivers/STM32F3xx_HAL_Driver/Src/stm32f3xx_ll_tim.o
 .debug_abbrev  0x00000000000018e3      0x1d7 ./Drivers/STM32F3xx_HAL_Driver/Src/stm32f3xx_ll_usart.o
 .debug_abbrev  0x0000000000001aba      0x2c2 ./Drivers/STM32F3xx_HAL_Driver/Src/stm32f3xx_ll_utils.o

.debug_aranges  0x0000000000000000      0x830
 .debug_aranges
                0x0000000000000000       0x48 ./Core/Src/dma.o
 .debug_aranges
                0x0000000000000048       0x28 ./Core/Src/gpio.o
 .debug_aranges
                0x0000000000000070       0xd0 ./Core/Src/main.o
 .debug_aranges
                0x0000000000000140       0xb8 ./Core/Src/stm32f3xx_it.o
 .debug_aranges
                0x00000000000001f8       0x28 ./Core/Src/system_stm32f3xx.o
 .debug_aranges
                0x0000000000000220       0xa0 ./Core/Src/tim.o
 .debug_aranges
                0x00000000000002c0      0x118 ./Core/Src/usart.o
 .debug_aranges
                0x00000000000003d8       0x28 ./Core/Startup/startup_stm32f303k8tx.o
 .debug_aranges
                0x0000000000000400       0x70 ./Drivers/STM32F3xx_HAL_Driver/Src/stm32f3xx_ll_gpio.o
 .debug_aranges
                0x0000000000000470      0x100 ./Drivers/STM32F3xx_HAL_Driver/Src/stm32f3xx_ll_rcc.o
 .debug_aranges
                0x0000000000000570      0x148 ./Drivers/STM32F3xx_HAL_Driver/Src/stm32f3xx_ll_tim.o
 .debug_aranges
                0x00000000000006b8       0x88 ./Drivers/STM32F3xx_HAL_Driver/Src/stm32f3xx_ll_usart.o
 .debug_aranges
                0x0000000000000740       0xf0 ./Drivers/STM32F3xx_HAL_Driver/Src/stm32f3xx_ll_utils.o

.debug_ranges   0x0000000000000000      0x768
 .debug_ranges  0x0000000000000000       0x38 ./Core/Src/dma.o
 .debug_ranges  0x0000000000000038       0x18 ./Core/Src/gpio.o
 .debug_ranges  0x0000000000000050       0xc0 ./Core/Src/main.o
 .debug_ranges  0x0000000000000110       0xa8 ./Core/Src/stm32f3xx_it.o
 .debug_ranges  0x00000000000001b8       0x18 ./Core/Src/system_stm32f3xx.o
 .debug_ranges  0x00000000000001d0       0x90 ./Core/Src/tim.o
 .debug_ranges  0x0000000000000260      0x108 ./Core/Src/usart.o
 .debug_ranges  0x0000000000000368       0x20 ./Core/Startup/startup_stm32f303k8tx.o
 .debug_ranges  0x0000000000000388       0x60 ./Drivers/STM32F3xx_HAL_Driver/Src/stm32f3xx_ll_gpio.o
 .debug_ranges  0x00000000000003e8       0xf0 ./Drivers/STM32F3xx_HAL_Driver/Src/stm32f3xx_ll_rcc.o
 .debug_ranges  0x00000000000004d8      0x138 ./Drivers/STM32F3xx_HAL_Driver/Src/stm32f3xx_ll_tim.o
 .debug_ranges  0x0000000000000610       0x78 ./Drivers/STM32F3xx_HAL_Driver/Src/stm32f3xx_ll_usart.o
 .debug_ranges  0x0000000000000688       0xe0 ./Drivers/STM32F3xx_HAL_Driver/Src/stm32f3xx_ll_utils.o

.debug_macro    0x0000000000000000    0x1738f
 .debug_macro   0x0000000000000000      0x246 ./Core/Src/dma.o
 .debug_macro   0x0000000000000246      0xade ./Core/Src/dma.o
 .debug_macro   0x0000000000000d24       0x2e ./Core/Src/dma.o
 .debug_macro   0x0000000000000d52       0x28 ./Core/Src/dma.o
 .debug_macro   0x0000000000000d7a       0x22 ./Core/Src/dma.o
 .debug_macro   0x0000000000000d9c       0x8e ./Core/Src/dma.o
 .debug_macro   0x0000000000000e2a       0x51 ./Core/Src/dma.o
 .debug_macro   0x0000000000000e7b      0x103 ./Core/Src/dma.o
 .debug_macro   0x0000000000000f7e       0x6a ./Core/Src/dma.o
 .debug_macro   0x0000000000000fe8      0x1df ./Core/Src/dma.o
 .debug_macro   0x00000000000011c7       0x1c ./Core/Src/dma.o
 .debug_macro   0x00000000000011e3       0x22 ./Core/Src/dma.o
 .debug_macro   0x0000000000001205       0xdf ./Core/Src/dma.o
 .debug_macro   0x00000000000012e4      0xf07 ./Core/Src/dma.o
 .debug_macro   0x00000000000021eb    0x10be0 ./Core/Src/dma.o
 .debug_macro   0x0000000000012dcb       0x6d ./Core/Src/dma.o
 .debug_macro   0x0000000000012e38      0x281 ./Core/Src/dma.o
 .debug_macro   0x00000000000130b9      0x4c2 ./Core/Src/dma.o
 .debug_macro   0x000000000001357b       0xe1 ./Core/Src/dma.o
 .debug_macro   0x000000000001365c      0x29f ./Core/Src/dma.o
 .debug_macro   0x00000000000138fb       0xfe ./Core/Src/dma.o
 .debug_macro   0x00000000000139f9       0x28 ./Core/Src/dma.o
 .debug_macro   0x0000000000013a21       0x30 ./Core/Src/dma.o
 .debug_macro   0x0000000000013a51       0xa8 ./Core/Src/dma.o
 .debug_macro   0x0000000000013af9      0x803 ./Core/Src/dma.o
 .debug_macro   0x00000000000142fc      0x2f7 ./Core/Src/dma.o
 .debug_macro   0x00000000000145f3      0x142 ./Core/Src/dma.o
 .debug_macro   0x0000000000014735       0x52 ./Core/Src/dma.o
 .debug_macro   0x0000000000014787       0x18 ./Core/Src/dma.o
 .debug_macro   0x000000000001479f       0x3c ./Core/Src/dma.o
 .debug_macro   0x00000000000147db       0x34 ./Core/Src/dma.o
 .debug_macro   0x000000000001480f      0x174 ./Core/Src/dma.o
 .debug_macro   0x0000000000014983       0x16 ./Core/Src/dma.o
 .debug_macro   0x0000000000014999       0x43 ./Core/Src/dma.o
 .debug_macro   0x00000000000149dc       0x34 ./Core/Src/dma.o
 .debug_macro   0x0000000000014a10       0x10 ./Core/Src/dma.o
 .debug_macro   0x0000000000014a20       0x58 ./Core/Src/dma.o
 .debug_macro   0x0000000000014a78       0x71 ./Core/Src/dma.o
 .debug_macro   0x0000000000014ae9       0x1c ./Core/Src/dma.o
 .debug_macro   0x0000000000014b05      0x12a ./Core/Src/dma.o
 .debug_macro   0x0000000000014c2f      0x333 ./Core/Src/dma.o
 .debug_macro   0x0000000000014f62       0x10 ./Core/Src/dma.o
 .debug_macro   0x0000000000014f72       0x35 ./Core/Src/dma.o
 .debug_macro   0x0000000000014fa7       0x20 ./Core/Src/dma.o
 .debug_macro   0x0000000000014fc7       0x16 ./Core/Src/dma.o
 .debug_macro   0x0000000000014fdd       0x16 ./Core/Src/dma.o
 .debug_macro   0x0000000000014ff3       0x29 ./Core/Src/dma.o
 .debug_macro   0x000000000001501c       0x82 ./Core/Src/dma.o
 .debug_macro   0x000000000001509e      0x246 ./Core/Src/gpio.o
 .debug_macro   0x00000000000152e4      0x268 ./Core/Src/main.o
 .debug_macro   0x000000000001554c      0x254 ./Core/Src/stm32f3xx_it.o
 .debug_macro   0x00000000000157a0       0xbd ./Core/Src/system_stm32f3xx.o
 .debug_macro   0x000000000001585d      0x246 ./Core/Src/tim.o
 .debug_macro   0x0000000000015aa3      0x246 ./Core/Src/usart.o
 .debug_macro   0x0000000000015ce9       0xff ./Drivers/STM32F3xx_HAL_Driver/Src/stm32f3xx_ll_gpio.o
 .debug_macro   0x0000000000015de8      0x13c ./Drivers/STM32F3xx_HAL_Driver/Src/stm32f3xx_ll_gpio.o
 .debug_macro   0x0000000000015f24       0xf1 ./Drivers/STM32F3xx_HAL_Driver/Src/stm32f3xx_ll_rcc.o
 .debug_macro   0x0000000000016015      0x4bc ./Drivers/STM32F3xx_HAL_Driver/Src/stm32f3xx_ll_rcc.o
 .debug_macro   0x00000000000164d1      0x169 ./Drivers/STM32F3xx_HAL_Driver/Src/stm32f3xx_ll_tim.o
 .debug_macro   0x000000000001663a      0x7fd ./Drivers/STM32F3xx_HAL_Driver/Src/stm32f3xx_ll_tim.o
 .debug_macro   0x0000000000016e37      0x12c ./Drivers/STM32F3xx_HAL_Driver/Src/stm32f3xx_ll_usart.o
 .debug_macro   0x0000000000016f63      0x2f1 ./Drivers/STM32F3xx_HAL_Driver/Src/stm32f3xx_ll_usart.o
 .debug_macro   0x0000000000017254      0x13b ./Drivers/STM32F3xx_HAL_Driver/Src/stm32f3xx_ll_utils.o

.debug_line     0x0000000000000000     0x6cf6
 .debug_line    0x0000000000000000      0x818 ./Core/Src/dma.o
 .debug_line    0x0000000000000818      0x73f ./Core/Src/gpio.o
 .debug_line    0x0000000000000f57      0xbfc ./Core/Src/main.o
 .debug_line    0x0000000000001b53      0x96e ./Core/Src/stm32f3xx_it.o
 .debug_line    0x00000000000024c1      0x4d8 ./Core/Src/system_stm32f3xx.o
 .debug_line    0x0000000000002999      0xa9b ./Core/Src/tim.o
 .debug_line    0x0000000000003434      0xc75 ./Core/Src/usart.o
 .debug_line    0x00000000000040a9       0x88 ./Core/Startup/startup_stm32f303k8tx.o
 .debug_line    0x0000000000004131      0x73a ./Drivers/STM32F3xx_HAL_Driver/Src/stm32f3xx_ll_gpio.o
 .debug_line    0x000000000000486b      0x8fa ./Drivers/STM32F3xx_HAL_Driver/Src/stm32f3xx_ll_rcc.o
 .debug_line    0x0000000000005165      0xba1 ./Drivers/STM32F3xx_HAL_Driver/Src/stm32f3xx_ll_tim.o
 .debug_line    0x0000000000005d06      0x6dd ./Drivers/STM32F3xx_HAL_Driver/Src/stm32f3xx_ll_usart.o
 .debug_line    0x00000000000063e3      0x913 ./Drivers/STM32F3xx_HAL_Driver/Src/stm32f3xx_ll_utils.o

.debug_str      0x0000000000000000    0x791bd
 .debug_str     0x0000000000000000    0x7499e ./Core/Src/dma.o
                                      0x74d26 (size before relaxing)
 .debug_str     0x000000000007499e       0x2c ./Core/Src/gpio.o
                                      0x748c4 (size before relaxing)
 .debug_str     0x00000000000749ca      0x363 ./Core/Src/main.o
                                      0x74cce (size before relaxing)
 .debug_str     0x0000000000074d2d      0x1fd ./Core/Src/stm32f3xx_it.o
                                      0x74a8b (size before relaxing)
 .debug_str     0x0000000000074f2a       0x88 ./Core/Src/system_stm32f3xx.o
                                      0x656fe (size before relaxing)
 .debug_str     0x0000000000074fb2      0x269 ./Core/Src/tim.o
                                      0x75037 (size before relaxing)
 .debug_str     0x000000000007521b      0x382 ./Core/Src/usart.o
                                      0x751dc (size before relaxing)
 .debug_str     0x000000000007559d       0x36 ./Core/Startup/startup_stm32f303k8tx.o
                                         0x5f (size before relaxing)
 .debug_str     0x00000000000755d3      0x67a ./Drivers/STM32F3xx_HAL_Driver/Src/stm32f3xx_ll_gpio.o
                                      0x66a61 (size before relaxing)
 .debug_str     0x0000000000075c4d      0x4fd ./Drivers/STM32F3xx_HAL_Driver/Src/stm32f3xx_ll_rcc.o
                                      0x67eb3 (size before relaxing)
 .debug_str     0x000000000007614a     0x1ba1 ./Drivers/STM32F3xx_HAL_Driver/Src/stm32f3xx_ll_tim.o
                                      0x6b9b1 (size before relaxing)
 .debug_str     0x0000000000077ceb      0x80d ./Drivers/STM32F3xx_HAL_Driver/Src/stm32f3xx_ll_usart.o
                                      0x6998c (size before relaxing)
 .debug_str     0x00000000000784f8      0xcc5 ./Drivers/STM32F3xx_HAL_Driver/Src/stm32f3xx_ll_utils.o
                                      0x6a733 (size before relaxing)

.comment        0x0000000000000000       0x53
 .comment       0x0000000000000000       0x53 ./Core/Src/dma.o
                                         0x54 (size before relaxing)
 .comment       0x0000000000000053       0x54 ./Core/Src/gpio.o
 .comment       0x0000000000000053       0x54 ./Core/Src/main.o
 .comment       0x0000000000000053       0x54 ./Core/Src/stm32f3xx_it.o
 .comment       0x0000000000000053       0x54 ./Core/Src/system_stm32f3xx.o
 .comment       0x0000000000000053       0x54 ./Core/Src/tim.o
 .comment       0x0000000000000053       0x54 ./Core/Src/usart.o
 .comment       0x0000000000000053       0x54 ./Drivers/STM32F3xx_HAL_Driver/Src/stm32f3xx_ll_gpio.o
 .comment       0x0000000000000053       0x54 ./Drivers/STM32F3xx_HAL_Driver/Src/stm32f3xx_ll_rcc.o
 .comment       0x0000000000000053       0x54 ./Drivers/STM32F3xx_HAL_Driver/Src/stm32f3xx_ll_tim.o
 .comment       0x0000000000000053       0x54 ./Drivers/STM32F3xx_HAL_Driver/Src/stm32f3xx_ll_usart.o
 .comment       0x0000000000000053       0x54 ./Drivers/STM32F3xx_HAL_Driver/Src/stm32f3xx_ll_utils.o

.debug_frame    0x0000000000000000     0x2234
 .debug_frame   0x0000000000000000       0xec ./Core/Src/dma.o
 .debug_frame   0x00000000000000ec       0x54 ./Core/Src/gpio.o
 .debug_frame   0x0000000000000140      0x354 ./Core/Src/main.o
 .debug_frame   0x0000000000000494      0x29c ./Core/Src/stm32f3xx_it.o
 .debug_frame   0x0000000000000730       0x58 ./Core/Src/system_stm32f3xx.o
 .debug_frame   0x0000000000000788      0x2ac ./Core/Src/tim.o
 .debug_frame   0x0000000000000a34      0x508 ./Core/Src/usart.o
 .debug_frame   0x0000000000000f3c      0x1c0 ./Drivers/STM32F3xx_HAL_Driver/Src/stm32f3xx_ll_gpio.o
 .debug_frame   0x00000000000010fc      0x408 ./Drivers/STM32F3xx_HAL_Driver/Src/stm32f3xx_ll_rcc.o
 .debug_frame   0x0000000000001504      0x5d0 ./Drivers/STM32F3xx_HAL_Driver/Src/stm32f3xx_ll_tim.o
 .debug_frame   0x0000000000001ad4      0x234 ./Drivers/STM32F3xx_HAL_Driver/Src/stm32f3xx_ll_usart.o
 .debug_frame   0x0000000000001d08      0x3dc ./Drivers/STM32F3xx_HAL_Driver/Src/stm32f3xx_ll_utils.o
 .debug_frame   0x00000000000020e4       0x30 c:/st/stm32cubeide_1.7.0/stm32cubeide/plugins/com.st.stm32cube.ide.mcu.externaltools.gnu-tools-for-stm32.9-2020-q2-update.win32_2.0.0.202105311346/tools/bin/../lib/gcc/arm-none-eabi/9.3.1/../../../../arm-none-eabi/lib/thumb/v7e-m+fp/hard\libc_nano.a(lib_a-atoi.o)
 .debug_frame   0x0000000000002114       0x20 c:/st/stm32cubeide_1.7.0/stm32cubeide/plugins/com.st.stm32cube.ide.mcu.externaltools.gnu-tools-for-stm32.9-2020-q2-update.win32_2.0.0.202105311346/tools/bin/../lib/gcc/arm-none-eabi/9.3.1/../../../../arm-none-eabi/lib/thumb/v7e-m+fp/hard\libc_nano.a(lib_a-errno.o)
 .debug_frame   0x0000000000002134       0x2c c:/st/stm32cubeide_1.7.0/stm32cubeide/plugins/com.st.stm32cube.ide.mcu.externaltools.gnu-tools-for-stm32.9-2020-q2-update.win32_2.0.0.202105311346/tools/bin/../lib/gcc/arm-none-eabi/9.3.1/../../../../arm-none-eabi/lib/thumb/v7e-m+fp/hard\libc_nano.a(lib_a-init.o)
 .debug_frame   0x0000000000002160       0x20 c:/st/stm32cubeide_1.7.0/stm32cubeide/plugins/com.st.stm32cube.ide.mcu.externaltools.gnu-tools-for-stm32.9-2020-q2-update.win32_2.0.0.202105311346/tools/bin/../lib/gcc/arm-none-eabi/9.3.1/../../../../arm-none-eabi/lib/thumb/v7e-m+fp/hard\libc_nano.a(lib_a-memset.o)
 .debug_frame   0x0000000000002180       0x20 c:/st/stm32cubeide_1.7.0/stm32cubeide/plugins/com.st.stm32cube.ide.mcu.externaltools.gnu-tools-for-stm32.9-2020-q2-update.win32_2.0.0.202105311346/tools/bin/../lib/gcc/arm-none-eabi/9.3.1/../../../../arm-none-eabi/lib/thumb/v7e-m+fp/hard\libc_nano.a(lib_a-strcpy.o)
 .debug_frame   0x00000000000021a0       0x30 c:/st/stm32cubeide_1.7.0/stm32cubeide/plugins/com.st.stm32cube.ide.mcu.externaltools.gnu-tools-for-stm32.9-2020-q2-update.win32_2.0.0.202105311346/tools/bin/../lib/gcc/arm-none-eabi/9.3.1/../../../../arm-none-eabi/lib/thumb/v7e-m+fp/hard\libc_nano.a(lib_a-strstr.o)
 .debug_frame   0x00000000000021d0       0x64 c:/st/stm32cubeide_1.7.0/stm32cubeide/plugins/com.st.stm32cube.ide.mcu.externaltools.gnu-tools-for-stm32.9-2020-q2-update.win32_2.0.0.202105311346/tools/bin/../lib/gcc/arm-none-eabi/9.3.1/../../../../arm-none-eabi/lib/thumb/v7e-m+fp/hard\libc_nano.a(lib_a-strtol.o)
