Archive member included to satisfy reference by file (symbol)

c:/st/stm32cubeide_1.7.0/stm32cubeide/plugins/com.st.stm32cube.ide.mcu.externaltools.gnu-tools-for-stm32.9-2020-q2-update.win32_2.0.0.202105311346/tools/bin/../lib/gcc/arm-none-eabi/9.3.1/../../../../arm-none-eabi/lib/thumb/v7e-m+fp/hard\libc_nano.a(lib_a-errno.o)
                              ./Core/Src/syscalls.o (__errno)
c:/st/stm32cubeide_1.7.0/stm32cubeide/plugins/com.st.stm32cube.ide.mcu.externaltools.gnu-tools-for-stm32.9-2020-q2-update.win32_2.0.0.202105311346/tools/bin/../lib/gcc/arm-none-eabi/9.3.1/../../../../arm-none-eabi/lib/thumb/v7e-m+fp/hard\libc_nano.a(lib_a-exit.o)
                              c:/st/stm32cubeide_1.7.0/stm32cubeide/plugins/com.st.stm32cube.ide.mcu.externaltools.gnu-tools-for-stm32.9-2020-q2-update.win32_2.0.0.202105311346/tools/bin/../lib/gcc/arm-none-eabi/9.3.1/../../../../arm-none-eabi/lib/thumb/v7e-m+fp/hard/crt0.o (exit)
c:/st/stm32cubeide_1.7.0/stm32cubeide/plugins/com.st.stm32cube.ide.mcu.externaltools.gnu-tools-for-stm32.9-2020-q2-update.win32_2.0.0.202105311346/tools/bin/../lib/gcc/arm-none-eabi/9.3.1/../../../../arm-none-eabi/lib/thumb/v7e-m+fp/hard\libc_nano.a(lib_a-impure.o)
                              c:/st/stm32cubeide_1.7.0/stm32cubeide/plugins/com.st.stm32cube.ide.mcu.externaltools.gnu-tools-for-stm32.9-2020-q2-update.win32_2.0.0.202105311346/tools/bin/../lib/gcc/arm-none-eabi/9.3.1/../../../../arm-none-eabi/lib/thumb/v7e-m+fp/hard\libc_nano.a(lib_a-exit.o) (_global_impure_ptr)
c:/st/stm32cubeide_1.7.0/stm32cubeide/plugins/com.st.stm32cube.ide.mcu.externaltools.gnu-tools-for-stm32.9-2020-q2-update.win32_2.0.0.202105311346/tools/bin/../lib/gcc/arm-none-eabi/9.3.1/../../../../arm-none-eabi/lib/thumb/v7e-m+fp/hard\libc_nano.a(lib_a-init.o)
                              c:/st/stm32cubeide_1.7.0/stm32cubeide/plugins/com.st.stm32cube.ide.mcu.externaltools.gnu-tools-for-stm32.9-2020-q2-update.win32_2.0.0.202105311346/tools/bin/../lib/gcc/arm-none-eabi/9.3.1/../../../../arm-none-eabi/lib/thumb/v7e-m+fp/hard/crt0.o (__libc_init_array)
c:/st/stm32cubeide_1.7.0/stm32cubeide/plugins/com.st.stm32cube.ide.mcu.externaltools.gnu-tools-for-stm32.9-2020-q2-update.win32_2.0.0.202105311346/tools/bin/../lib/gcc/arm-none-eabi/9.3.1/../../../../arm-none-eabi/lib/thumb/v7e-m+fp/hard\libc_nano.a(lib_a-memset.o)
                              c:/st/stm32cubeide_1.7.0/stm32cubeide/plugins/com.st.stm32cube.ide.mcu.externaltools.gnu-tools-for-stm32.9-2020-q2-update.win32_2.0.0.202105311346/tools/bin/../lib/gcc/arm-none-eabi/9.3.1/../../../../arm-none-eabi/lib/thumb/v7e-m+fp/hard/crt0.o (memset)

Allocating common symbols
Common symbol       size              file

PWM_Value           0x1               ./Core/Src/dma.o

Discarded input sections

 .text          0x0000000000000000        0x0 c:/st/stm32cubeide_1.7.0/stm32cubeide/plugins/com.st.stm32cube.ide.mcu.externaltools.gnu-tools-for-stm32.9-2020-q2-update.win32_2.0.0.202105311346/tools/bin/../lib/gcc/arm-none-eabi/9.3.1/thumb/v7e-m+fp/hard/crti.o
 .data          0x0000000000000000        0x0 c:/st/stm32cubeide_1.7.0/stm32cubeide/plugins/com.st.stm32cube.ide.mcu.externaltools.gnu-tools-for-stm32.9-2020-q2-update.win32_2.0.0.202105311346/tools/bin/../lib/gcc/arm-none-eabi/9.3.1/thumb/v7e-m+fp/hard/crti.o
 .bss           0x0000000000000000        0x0 c:/st/stm32cubeide_1.7.0/stm32cubeide/plugins/com.st.stm32cube.ide.mcu.externaltools.gnu-tools-for-stm32.9-2020-q2-update.win32_2.0.0.202105311346/tools/bin/../lib/gcc/arm-none-eabi/9.3.1/thumb/v7e-m+fp/hard/crti.o
 .data          0x0000000000000000        0x4 c:/st/stm32cubeide_1.7.0/stm32cubeide/plugins/com.st.stm32cube.ide.mcu.externaltools.gnu-tools-for-stm32.9-2020-q2-update.win32_2.0.0.202105311346/tools/bin/../lib/gcc/arm-none-eabi/9.3.1/thumb/v7e-m+fp/hard/crtbegin.o
 .text          0x0000000000000000       0x7c c:/st/stm32cubeide_1.7.0/stm32cubeide/plugins/com.st.stm32cube.ide.mcu.externaltools.gnu-tools-for-stm32.9-2020-q2-update.win32_2.0.0.202105311346/tools/bin/../lib/gcc/arm-none-eabi/9.3.1/../../../../arm-none-eabi/lib/thumb/v7e-m+fp/hard/crt0.o
 .data          0x0000000000000000        0x0 c:/st/stm32cubeide_1.7.0/stm32cubeide/plugins/com.st.stm32cube.ide.mcu.externaltools.gnu-tools-for-stm32.9-2020-q2-update.win32_2.0.0.202105311346/tools/bin/../lib/gcc/arm-none-eabi/9.3.1/../../../../arm-none-eabi/lib/thumb/v7e-m+fp/hard/crt0.o
 .bss           0x0000000000000000        0x0 c:/st/stm32cubeide_1.7.0/stm32cubeide/plugins/com.st.stm32cube.ide.mcu.externaltools.gnu-tools-for-stm32.9-2020-q2-update.win32_2.0.0.202105311346/tools/bin/../lib/gcc/arm-none-eabi/9.3.1/../../../../arm-none-eabi/lib/thumb/v7e-m+fp/hard/crt0.o
 .ARM.extab     0x0000000000000000        0x0 c:/st/stm32cubeide_1.7.0/stm32cubeide/plugins/com.st.stm32cube.ide.mcu.externaltools.gnu-tools-for-stm32.9-2020-q2-update.win32_2.0.0.202105311346/tools/bin/../lib/gcc/arm-none-eabi/9.3.1/../../../../arm-none-eabi/lib/thumb/v7e-m+fp/hard/crt0.o
[...]
Memory Configuration

Name             Origin             Length             Attributes
CCMRAM           0x0000000010000000 0x0000000000001000 xrw
RAM              0x0000000020000000 0x0000000000003000 xrw
FLASH            0x0000000008000000 0x0000000000010000 xr
*default*        0x0000000000000000 0xffffffffffffffff

Linker script and memory map

LOAD c:/st/stm32cubeide_1.7.0/stm32cubeide/plugins/com.st.stm32cube.ide.mcu.externaltools.gnu-tools-for-stm32.9-2020-q2-update.win32_2.0.0.202105311346/tools/bin/../lib/gcc/arm-none-eabi/9.3.1/thumb/v7e-m+fp/hard/crti.o
LOAD c:/st/stm32cubeide_1.7.0/stm32cubeide/plugins/com.st.stm32cube.ide.mcu.externaltools.gnu-tools-for-stm32.9-2020-q2-update.win32_2.0.0.202105311346/tools/bin/../lib/gcc/arm-none-eabi/9.3.1/thumb/v7e-m+fp/hard/crtbegin.o
LOAD c:/st/stm32cubeide_1.7.0/stm32cubeide/plugins/com.st.stm32cube.ide.mcu.externaltools.gnu-tools-for-stm32.9-2020-q2-update.win32_2.0.0.202105311346/tools/bin/../lib/gcc/arm-none-eabi/9.3.1/../../../../arm-none-eabi/lib/thumb/v7e-m+fp/hard/crt0.o
LOAD ./Core/Src/dma.o
LOAD ./Core/Src/gpio.o
LOAD ./Core/Src/main.o
LOAD ./Core/Src/stm32f3xx_it.o
LOAD ./Core/Src/syscalls.o
LOAD ./Core/Src/sysmem.o
LOAD ./Core/Src/system_stm32f3xx.o
LOAD ./Core/Src/tim.o
LOAD ./Core/Src/usart.o
LOAD ./Core/Startup/startup_stm32f303k8tx.o
LOAD ./Drivers/STM32F3xx_HAL_Driver/Src/stm32f3xx_ll_dma.o
LOAD ./Drivers/STM32F3xx_HAL_Driver/Src/stm32f3xx_ll_exti.o
LOAD ./Drivers/STM32F3xx_HAL_Driver/Src/stm32f3xx_ll_gpio.o
LOAD ./Drivers/STM32F3xx_HAL_Driver/Src/stm32f3xx_ll_rcc.o
LOAD ./Drivers/STM32F3xx_HAL_Driver/Src/stm32f3xx_ll_tim.o
LOAD ./Drivers/STM32F3xx_HAL_Driver/Src/stm32f3xx_ll_usart.o
LOAD ./Drivers/STM32F3xx_HAL_Driver/Src/stm32f3xx_ll_utils.o
START GROUP
LOAD c:/st/stm32cubeide_1.7.0/stm32cubeide/plugins/com.st.stm32cube.ide.mcu.externaltools.gnu-tools-for-stm32.9-2020-q2-update.win32_2.0.0.202105311346/tools/bin/../lib/gcc/arm-none-eabi/9.3.1/../../../../arm-none-eabi/lib/thumb/v7e-m+fp/hard\libc_nano.a
LOAD c:/st/stm32cubeide_1.7.0/stm32cubeide/plugins/com.st.stm32cube.ide.mcu.externaltools.gnu-tools-for-stm32.9-2020-q2-update.win32_2.0.0.202105311346/tools/bin/../lib/gcc/arm-none-eabi/9.3.1/../../../../arm-none-eabi/lib/thumb/v7e-m+fp/hard\libm.a
END GROUP
START GROUP
LOAD c:/st/stm32cubeide_1.7.0/stm32cubeide/plugins/com.st.stm32cube.ide.mcu.externaltools.gnu-tools-for-stm32.9-2020-q2-update.win32_2.0.0.202105311346/tools/bin/../lib/gcc/arm-none-eabi/9.3.1/thumb/v7e-m+fp/hard\libgcc.a
LOAD c:/st/stm32cubeide_1.7.0/stm32cubeide/plugins/com.st.stm32cube.ide.mcu.externaltools.gnu-tools-for-stm32.9-2020-q2-update.win32_2.0.0.202105311346/tools/bin/../lib/gcc/arm-none-eabi/9.3.1/../../../../arm-none-eabi/lib/thumb/v7e-m+fp/hard\libc_nano.a
END GROUP
START GROUP
LOAD c:/st/stm32cubeide_1.7.0/stm32cubeide/plugins/com.st.stm32cube.ide.mcu.externaltools.gnu-tools-for-stm32.9-2020-q2-update.win32_2.0.0.202105311346/tools/bin/../lib/gcc/arm-none-eabi/9.3.1/thumb/v7e-m+fp/hard\libgcc.a
LOAD c:/st/stm32cubeide_1.7.0/stm32cubeide/plugins/com.st.stm32cube.ide.mcu.externaltools.gnu-tools-for-stm32.9-2020-q2-update.win32_2.0.0.202105311346/tools/bin/../lib/gcc/arm-none-eabi/9.3.1/../../../../arm-none-eabi/lib/thumb/v7e-m+fp/hard\libc_nano.a
LOAD c:/st/stm32cubeide_1.7.0/stm32cubeide/plugins/com.st.stm32cube.ide.mcu.externaltools.gnu-tools-for-stm32.9-2020-q2-update.win32_2.0.0.202105311346/tools/bin/../lib/gcc/arm-none-eabi/9.3.1/../../../../arm-none-eabi/lib/thumb/v7e-m+fp/hard\libnosys.a
END GROUP
START GROUP
LOAD c:/st/stm32cubeide_1.7.0/stm32cubeide/plugins/com.st.stm32cube.ide.mcu.externaltools.gnu-tools-for-stm32.9-2020-q2-update.win32_2.0.0.202105311346/tools/bin/../lib/gcc/arm-none-eabi/9.3.1/thumb/v7e-m+fp/hard\libgcc.a
LOAD c:/st/stm32cubeide_1.7.0/stm32cubeide/plugins/com.st.stm32cube.ide.mcu.externaltools.gnu-tools-for-stm32.9-2020-q2-update.win32_2.0.0.202105311346/tools/bin/../lib/gcc/arm-none-eabi/9.3.1/../../../../arm-none-eabi/lib/thumb/v7e-m+fp/hard\libc_nano.a
LOAD c:/st/stm32cubeide_1.7.0/stm32cubeide/plugins/com.st.stm32cube.ide.mcu.externaltools.gnu-tools-for-stm32.9-2020-q2-update.win32_2.0.0.202105311346/tools/bin/../lib/gcc/arm-none-eabi/9.3.1/../../../../arm-none-eabi/lib/thumb/v7e-m+fp/hard\libnosys.a
END GROUP
LOAD c:/st/stm32cubeide_1.7.0/stm32cubeide/plugins/com.st.stm32cube.ide.mcu.externaltools.gnu-tools-for-stm32.9-2020-q2-update.win32_2.0.0.202105311346/tools/bin/../lib/gcc/arm-none-eabi/9.3.1/thumb/v7e-m+fp/hard/crtend.o
LOAD c:/st/stm32cubeide_1.7.0/stm32cubeide/plugins/com.st.stm32cube.ide.mcu.externaltools.gnu-tools-for-stm32.9-2020-q2-update.win32_2.0.0.202105311346/tools/bin/../lib/gcc/arm-none-eabi/9.3.1/thumb/v7e-m+fp/hard/crtn.o
                0x0000000020003000                _estack = (ORIGIN (RAM) + LENGTH (RAM))
                0x0000000000000200                _Min_Heap_Size = 0x200
                0x0000000000000400                _Min_Stack_Size = 0x400

.isr_vector     0x0000000008000000      0x188
                0x0000000008000000                . = ALIGN (0x4)
 *(.isr_vector)
 .isr_vector    0x0000000008000000      0x188 ./Core/Startup/startup_stm32f303k8tx.o
                0x0000000008000000                g_pfnVectors
                0x0000000008000188                . = ALIGN (0x4)

.text           0x0000000008000188     0x2178
                0x0000000008000188                . = ALIGN (0x4)
 *(.text)
 .text          0x0000000008000188       0x40 c:/st/stm32cubeide_1.7.0/stm32cubeide/plugins/com.st.stm32cube.ide.mcu.externaltools.gnu-tools-for-stm32.9-2020-q2-update.win32_2.0.0.202105311346/tools/bin/../lib/gcc/arm-none-eabi/9.3.1/thumb/v7e-m+fp/hard/crtbegin.o
 *(.text*)
 .text.__NVIC_GetPriorityGrouping
                0x00000000080001c8       0x1c ./Core/Src/dma.o
 .text.__NVIC_EnableIRQ
                0x00000000080001e4       0x3c ./Core/Src/dma.o
 .text.__NVIC_SetPriority
                0x0000000008000220       0x54 ./Core/Src/dma.o
 .text.NVIC_EncodePriority
                0x0000000008000274       0x66 ./Core/Src/dma.o
 *fill*         0x00000000080002da        0x2 
 .text.LL_AHB1_GRP1_EnableClock
                0x00000000080002dc       0x30 ./Core/Src/dma.o
 .text.MX_DMA_Init
                0x000000000800030c       0x2e ./Core/Src/dma.o
                0x000000000800030c                MX_DMA_Init
 *fill*         0x000000000800033a        0x2 
 .text.LL_AHB1_GRP1_EnableClock
                0x000000000800033c       0x30 ./Core/Src/gpio.o
 .text.MX_GPIO_Init
                0x000000000800036c       0x18 ./Core/Src/gpio.o
                0x000000000800036c                MX_GPIO_Init
 .text.__NVIC_SetPriorityGrouping
                0x0000000008000384       0x48 ./Core/Src/main.o
 .text.LL_RCC_HSI_Enable
                0x00000000080003cc       0x20 ./Core/Src/main.o
 .text.LL_RCC_HSI_IsReady
                0x00000000080003ec       0x24 ./Core/Src/main.o
 .text.LL_RCC_HSI_SetCalibTrimming
                0x0000000008000410       0x2c ./Core/Src/main.o
 .text.LL_RCC_SetSysClkSource
                0x000000000800043c       0x28 ./Core/Src/main.o
 .text.LL_RCC_GetSysClkSource
                0x0000000008000464       0x1c ./Core/Src/main.o
 .text.LL_RCC_SetAHBPrescaler
                0x0000000008000480       0x28 ./Core/Src/main.o
 .text.LL_RCC_SetAPB1Prescaler
                0x00000000080004a8       0x28 ./Core/Src/main.o
 .text.LL_RCC_SetAPB2Prescaler
                0x00000000080004d0       0x28 ./Core/Src/main.o
 .text.LL_APB1_GRP1_EnableClock
                0x00000000080004f8       0x30 ./Core/Src/main.o
 .text.LL_APB2_GRP1_EnableClock
                0x0000000008000528       0x30 ./Core/Src/main.o
 .text.LL_FLASH_SetLatency
                0x0000000008000558       0x28 ./Core/Src/main.o
 .text.LL_FLASH_GetLatency
                0x0000000008000580       0x1c ./Core/Src/main.o
 .text.main     0x000000000800059c       0x3c ./Core/Src/main.o
                0x000000000800059c                main
 .text.SystemClock_Config
                0x00000000080005d8       0x64 ./Core/Src/main.o
                0x00000000080005d8                SystemClock_Config
 .text.LL_TIM_ClearFlag_UPDATE
                0x000000000800063c       0x1c ./Core/Src/stm32f3xx_it.o
 .text.LL_TIM_IsActiveFlag_UPDATE
                0x0000000008000658       0x26 ./Core/Src/stm32f3xx_it.o
 .text.NMI_Handler
                0x000000000800067e        0x6 ./Core/Src/stm32f3xx_it.o
                0x000000000800067e                NMI_Handler
 .text.HardFault_Handler
                0x0000000008000684        0x6 ./Core/Src/stm32f3xx_it.o
                0x0000000008000684                HardFault_Handler
 .text.MemManage_Handler
                0x000000000800068a        0x6 ./Core/Src/stm32f3xx_it.o
                0x000000000800068a                MemManage_Handler
 .text.BusFault_Handler
                0x0000000008000690        0x6 ./Core/Src/stm32f3xx_it.o
                0x0000000008000690                BusFault_Handler
 .text.UsageFault_Handler
                0x0000000008000696        0x6 ./Core/Src/stm32f3xx_it.o
                0x0000000008000696                UsageFault_Handler
 .text.SVC_Handler
                0x000000000800069c        0xe ./Core/Src/stm32f3xx_it.o
                0x000000000800069c                SVC_Handler
 .text.DebugMon_Handler
                0x00000000080006aa        0xe ./Core/Src/stm32f3xx_it.o
                0x00000000080006aa                DebugMon_Handler
 .text.PendSV_Handler
                0x00000000080006b8        0xe ./Core/Src/stm32f3xx_it.o
                0x00000000080006b8                PendSV_Handler
 .text.SysTick_Handler
                0x00000000080006c6        0xe ./Core/Src/stm32f3xx_it.o
                0x00000000080006c6                SysTick_Handler
 .text.DMA1_Channel6_IRQHandler
                0x00000000080006d4        0xe ./Core/Src/stm32f3xx_it.o
                0x00000000080006d4                DMA1_Channel6_IRQHandler
 *fill*         0x00000000080006e2        0x2 
 .text.TIM2_IRQHandler
                0x00000000080006e4       0x30 ./Core/Src/stm32f3xx_it.o
                0x00000000080006e4                TIM2_IRQHandler
 .text.USART2_IRQHandler
                0x0000000008000714        0xe ./Core/Src/stm32f3xx_it.o
                0x0000000008000714                USART2_IRQHandler
 *fill*         0x0000000008000722        0x2 
 .text.TIM6_DAC1_IRQHandler
                0x0000000008000724       0x28 ./Core/Src/stm32f3xx_it.o
                0x0000000008000724                TIM6_DAC1_IRQHandler
 .text.SystemInit
                0x000000000800074c       0x24 ./Core/Src/system_stm32f3xx.o
                0x000000000800074c                SystemInit
 .text.__NVIC_GetPriorityGrouping
                0x0000000008000770       0x1c ./Core/Src/tim.o
 .text.__NVIC_EnableIRQ
                0x000000000800078c       0x3c ./Core/Src/tim.o
 .text.__NVIC_SetPriority
                0x00000000080007c8       0x54 ./Core/Src/tim.o
 .text.NVIC_EncodePriority
                0x000000000800081c       0x66 ./Core/Src/tim.o
 *fill*         0x0000000008000882        0x2 
 .text.LL_AHB1_GRP1_EnableClock
                0x0000000008000884       0x30 ./Core/Src/tim.o
 .text.LL_APB1_GRP1_EnableClock
                0x00000000080008b4       0x30 ./Core/Src/tim.o
 .text.LL_TIM_EnableCounter
                0x00000000080008e4       0x20 ./Core/Src/tim.o
 .text.LL_TIM_EnableARRPreload
                0x0000000008000904       0x20 ./Core/Src/tim.o
 .text.LL_TIM_DisableARRPreload
                0x0000000008000924       0x20 ./Core/Src/tim.o
 .text.LL_TIM_OC_DisableFast
                0x0000000008000944       0xa4 ./Core/Src/tim.o
 .text.LL_TIM_OC_EnablePreload
                0x00000000080009e8       0xa0 ./Core/Src/tim.o
 .text.LL_TIM_SetClockSource
                0x0000000008000a88       0x2a ./Core/Src/tim.o
 .text.LL_TIM_SetTriggerOutput
                0x0000000008000ab2       0x26 ./Core/Src/tim.o
 .text.LL_TIM_DisableMasterSlaveMode
                0x0000000008000ad8       0x20 ./Core/Src/tim.o
 .text.LL_TIM_EnableIT_UPDATE
                0x0000000008000af8       0x20 ./Core/Src/tim.o
 .text.MX_TIM2_Init
                0x0000000008000b18      0x138 ./Core/Src/tim.o
                0x0000000008000b18                MX_TIM2_Init
 .text.MX_TIM6_Init
                0x0000000008000c50       0x80 ./Core/Src/tim.o
                0x0000000008000c50                MX_TIM6_Init
 .text.__NVIC_GetPriorityGrouping
                0x0000000008000cd0       0x1c ./Core/Src/usart.o
 .text.__NVIC_EnableIRQ
                0x0000000008000cec       0x3c ./Core/Src/usart.o
 .text.__NVIC_SetPriority
                0x0000000008000d28       0x54 ./Core/Src/usart.o
 .text.NVIC_EncodePriority
                0x0000000008000d7c       0x66 ./Core/Src/usart.o
 *fill*         0x0000000008000de2        0x2 
 .text.LL_DMA_SetDataTransferDirection
                0x0000000008000de4       0x4c ./Core/Src/usart.o
 .text.LL_DMA_SetMode
                0x0000000008000e30       0x48 ./Core/Src/usart.o
 .text.LL_DMA_SetPeriphIncMode
                0x0000000008000e78       0x48 ./Core/Src/usart.o
 .text.LL_DMA_SetMemoryIncMode
                0x0000000008000ec0       0x48 ./Core/Src/usart.o
 .text.LL_DMA_SetPeriphSize
                0x0000000008000f08       0x48 ./Core/Src/usart.o
 .text.LL_DMA_SetMemorySize
                0x0000000008000f50       0x48 ./Core/Src/usart.o
 .text.LL_DMA_SetChannelPriorityLevel
                0x0000000008000f98       0x48 ./Core/Src/usart.o
 .text.LL_AHB1_GRP1_EnableClock
                0x0000000008000fe0       0x30 ./Core/Src/usart.o
 .text.LL_APB1_GRP1_EnableClock
                0x0000000008001010       0x30 ./Core/Src/usart.o
 .text.LL_USART_Enable
                0x0000000008001040       0x20 ./Core/Src/usart.o
 .text.LL_USART_ConfigAsyncMode
                0x0000000008001060       0x2c ./Core/Src/usart.o
 .text.LL_USART_DisableIT_CTS
                0x000000000800108c       0x46 ./Core/Src/usart.o
 *fill*         0x00000000080010d2        0x2 
 .text.MX_USART2_UART_Init
                0x00000000080010d4      0x114 ./Core/Src/usart.o
                0x00000000080010d4                MX_USART2_UART_Init
 .text.Reset_Handler
                0x00000000080011e8       0x50 ./Core/Startup/startup_stm32f303k8tx.o
                0x00000000080011e8                Reset_Handler
 .text.Default_Handler
                0x0000000008001238        0x2 ./Core/Startup/startup_stm32f303k8tx.o
                0x0000000008001238                RTC_Alarm_IRQHandler
                0x0000000008001238                TIM1_CC_IRQHandler
                0x0000000008001238                PVD_IRQHandler
                0x0000000008001238                TAMP_STAMP_IRQHandler
                0x0000000008001238                EXTI3_IRQHandler
                0x0000000008001238                EXTI0_IRQHandler
                0x0000000008001238                FPU_IRQHandler
                0x0000000008001238                CAN_TX_IRQHandler
                0x0000000008001238                TIM1_UP_TIM16_IRQHandler
                0x0000000008001238                ADC1_2_IRQHandler
                0x0000000008001238                SPI1_IRQHandler
                0x0000000008001238                CAN_SCE_IRQHandler
                0x0000000008001238                DMA1_Channel4_IRQHandler
                0x0000000008001238                USART3_IRQHandler
                0x0000000008001238                DMA1_Channel7_IRQHandler
                0x0000000008001238                TIM7_DAC2_IRQHandler
                0x0000000008001238                CAN_RX1_IRQHandler
                0x0000000008001238                I2C1_EV_IRQHandler
                0x0000000008001238                TIM3_IRQHandler
                0x0000000008001238                RCC_IRQHandler
                0x0000000008001238                DMA1_Channel1_IRQHandler
                0x0000000008001238                Default_Handler
                0x0000000008001238                EXTI15_10_IRQHandler
                0x0000000008001238                COMP2_IRQHandler
                0x0000000008001238                EXTI9_5_IRQHandler
                0x0000000008001238                RTC_WKUP_IRQHandler
                0x0000000008001238                DMA1_Channel5_IRQHandler
                0x0000000008001238                EXTI4_IRQHandler
                0x0000000008001238                TIM1_TRG_COM_TIM17_IRQHandler
                0x0000000008001238                DMA1_Channel3_IRQHandler
                0x0000000008001238                WWDG_IRQHandler
                0x0000000008001238                EXTI1_IRQHandler
                0x0000000008001238                COMP4_6_IRQHandler
                0x0000000008001238                DMA1_Channel2_IRQHandler
                0x0000000008001238                FLASH_IRQHandler
                0x0000000008001238                USART1_IRQHandler
                0x0000000008001238                CAN_RX0_IRQHandler
                0x0000000008001238                I2C1_ER_IRQHandler
                0x0000000008001238                EXTI2_TSC_IRQHandler
                0x0000000008001238                TIM1_BRK_TIM15_IRQHandler
 .text.LL_GPIO_SetPinMode
                0x000000000800123a       0x5e ./Drivers/STM32F3xx_HAL_Driver/Src/stm32f3xx_ll_gpio.o
 .text.LL_GPIO_SetPinOutputType
                0x0000000008001298       0x30 ./Drivers/STM32F3xx_HAL_Driver/Src/stm32f3xx_ll_gpio.o
 .text.LL_GPIO_SetPinSpeed
                0x00000000080012c8       0x5e ./Drivers/STM32F3xx_HAL_Driver/Src/stm32f3xx_ll_gpio.o
 .text.LL_GPIO_SetPinPull
                0x0000000008001326       0x5e ./Drivers/STM32F3xx_HAL_Driver/Src/stm32f3xx_ll_gpio.o
 .text.LL_GPIO_SetAFPin_0_7
                0x0000000008001384       0x5e ./Drivers/STM32F3xx_HAL_Driver/Src/stm32f3xx_ll_gpio.o
 .text.LL_GPIO_SetAFPin_8_15
                0x00000000080013e2       0x62 ./Drivers/STM32F3xx_HAL_Driver/Src/stm32f3xx_ll_gpio.o
 .text.LL_GPIO_Init
                0x0000000008001444       0xe0 ./Drivers/STM32F3xx_HAL_Driver/Src/stm32f3xx_ll_gpio.o
                0x0000000008001444                LL_GPIO_Init
 .text.LL_RCC_HSI_IsReady
                0x0000000008001524       0x24 ./Drivers/STM32F3xx_HAL_Driver/Src/stm32f3xx_ll_rcc.o
 .text.LL_RCC_LSE_IsReady
                0x0000000008001548       0x24 ./Drivers/STM32F3xx_HAL_Driver/Src/stm32f3xx_ll_rcc.o
 .text.LL_RCC_GetSysClkSource
                0x000000000800156c       0x1c ./Drivers/STM32F3xx_HAL_Driver/Src/stm32f3xx_ll_rcc.o
 .text.LL_RCC_GetAHBPrescaler
                0x0000000008001588       0x1c ./Drivers/STM32F3xx_HAL_Driver/Src/stm32f3xx_ll_rcc.o
 .text.LL_RCC_GetAPB1Prescaler
                0x00000000080015a4       0x1c ./Drivers/STM32F3xx_HAL_Driver/Src/stm32f3xx_ll_rcc.o
 .text.LL_RCC_GetAPB2Prescaler
                0x00000000080015c0       0x1c ./Drivers/STM32F3xx_HAL_Driver/Src/stm32f3xx_ll_rcc.o
 .text.LL_RCC_GetUSARTClockSource
                0x00000000080015dc       0x2c ./Drivers/STM32F3xx_HAL_Driver/Src/stm32f3xx_ll_rcc.o
 .text.LL_RCC_PLL_GetMainSource
                0x0000000008001608       0x1c ./Drivers/STM32F3xx_HAL_Driver/Src/stm32f3xx_ll_rcc.o
 .text.LL_RCC_PLL_GetMultiplicator
                0x0000000008001624       0x1c ./Drivers/STM32F3xx_HAL_Driver/Src/stm32f3xx_ll_rcc.o
 .text.LL_RCC_PLL_GetPrediv
                0x0000000008001640       0x1c ./Drivers/STM32F3xx_HAL_Driver/Src/stm32f3xx_ll_rcc.o
 .text.LL_RCC_GetSystemClocksFreq
                0x000000000800165c       0x4a ./Drivers/STM32F3xx_HAL_Driver/Src/stm32f3xx_ll_rcc.o
                0x000000000800165c                LL_RCC_GetSystemClocksFreq
 *fill*         0x00000000080016a6        0x2 
 .text.LL_RCC_GetUSARTClockFreq
                0x00000000080016a8       0x88 ./Drivers/STM32F3xx_HAL_Driver/Src/stm32f3xx_ll_rcc.o
                0x00000000080016a8                LL_RCC_GetUSARTClockFreq
 .text.RCC_GetSystemClockFreq
                0x0000000008001730       0x4c ./Drivers/STM32F3xx_HAL_Driver/Src/stm32f3xx_ll_rcc.o
                0x0000000008001730                RCC_GetSystemClockFreq
 .text.RCC_GetHCLKClockFreq
                0x000000000800177c       0x2c ./Drivers/STM32F3xx_HAL_Driver/Src/stm32f3xx_ll_rcc.o
                0x000000000800177c                RCC_GetHCLKClockFreq
 .text.RCC_GetPCLK1ClockFreq
                0x00000000080017a8       0x28 ./Drivers/STM32F3xx_HAL_Driver/Src/stm32f3xx_ll_rcc.o
                0x00000000080017a8                RCC_GetPCLK1ClockFreq
 .text.RCC_GetPCLK2ClockFreq
                0x00000000080017d0       0x28 ./Drivers/STM32F3xx_HAL_Driver/Src/stm32f3xx_ll_rcc.o
                0x00000000080017d0                RCC_GetPCLK2ClockFreq
 .text.RCC_PLL_GetFreqDomain_SYS
                0x00000000080017f8       0x7c ./Drivers/STM32F3xx_HAL_Driver/Src/stm32f3xx_ll_rcc.o
                0x00000000080017f8                RCC_PLL_GetFreqDomain_SYS
 .text.LL_TIM_SetPrescaler
                0x0000000008001874       0x1c ./Drivers/STM32F3xx_HAL_Driver/Src/stm32f3xx_ll_tim.o
 .text.LL_TIM_SetAutoReload
                0x0000000008001890       0x1c ./Drivers/STM32F3xx_HAL_Driver/Src/stm32f3xx_ll_tim.o
 .text.LL_TIM_SetRepetitionCounter
                0x00000000080018ac       0x1c ./Drivers/STM32F3xx_HAL_Driver/Src/stm32f3xx_ll_tim.o
 .text.LL_TIM_OC_SetCompareCH1
                0x00000000080018c8       0x1c ./Drivers/STM32F3xx_HAL_Driver/Src/stm32f3xx_ll_tim.o
 .text.LL_TIM_OC_SetCompareCH2
                0x00000000080018e4       0x1c ./Drivers/STM32F3xx_HAL_Driver/Src/stm32f3xx_ll_tim.o
 .text.LL_TIM_OC_SetCompareCH3
                0x0000000008001900       0x1c ./Drivers/STM32F3xx_HAL_Driver/Src/stm32f3xx_ll_tim.o
 .text.LL_TIM_OC_SetCompareCH4
                0x000000000800191c       0x1c ./Drivers/STM32F3xx_HAL_Driver/Src/stm32f3xx_ll_tim.o
 .text.LL_TIM_OC_SetCompareCH5
                0x0000000008001938       0x20 ./Drivers/STM32F3xx_HAL_Driver/Src/stm32f3xx_ll_tim.o
 .text.LL_TIM_OC_SetCompareCH6
                0x0000000008001958       0x1c ./Drivers/STM32F3xx_HAL_Driver/Src/stm32f3xx_ll_tim.o
 .text.LL_TIM_GenerateEvent_UPDATE
                0x0000000008001974       0x20 ./Drivers/STM32F3xx_HAL_Driver/Src/stm32f3xx_ll_tim.o
 .text.LL_TIM_Init
                0x0000000008001994       0xe4 ./Drivers/STM32F3xx_HAL_Driver/Src/stm32f3xx_ll_tim.o
                0x0000000008001994                LL_TIM_Init
 .text.LL_TIM_OC_Init
                0x0000000008001a78       0xbe ./Drivers/STM32F3xx_HAL_Driver/Src/stm32f3xx_ll_tim.o
                0x0000000008001a78                LL_TIM_OC_Init
 *fill*         0x0000000008001b36        0x2 
 .text.OC1Config
                0x0000000008001b38       0xf4 ./Drivers/STM32F3xx_HAL_Driver/Src/stm32f3xx_ll_tim.o
 .text.OC2Config
                0x0000000008001c2c       0xfc ./Drivers/STM32F3xx_HAL_Driver/Src/stm32f3xx_ll_tim.o
 .text.OC3Config
                0x0000000008001d28       0xfc ./Drivers/STM32F3xx_HAL_Driver/Src/stm32f3xx_ll_tim.o
 .text.OC4Config
                0x0000000008001e24       0xcc ./Drivers/STM32F3xx_HAL_Driver/Src/stm32f3xx_ll_tim.o
 .text.OC5Config
                0x0000000008001ef0       0xbc ./Drivers/STM32F3xx_HAL_Driver/Src/stm32f3xx_ll_tim.o
 .text.OC6Config
                0x0000000008001fac       0xbc ./Drivers/STM32F3xx_HAL_Driver/Src/stm32f3xx_ll_tim.o
 .text.LL_USART_IsEnabled
                0x0000000008002068       0x26 ./Drivers/STM32F3xx_HAL_Driver/Src/stm32f3xx_ll_usart.o
 .text.LL_USART_SetStopBitsLength
                0x000000000800208e       0x26 ./Drivers/STM32F3xx_HAL_Driver/Src/stm32f3xx_ll_usart.o
 .text.LL_USART_SetHWFlowCtrl
                0x00000000080020b4       0x26 ./Drivers/STM32F3xx_HAL_Driver/Src/stm32f3xx_ll_usart.o
 .text.LL_USART_SetBaudRate
                0x00000000080020da       0x6e ./Drivers/STM32F3xx_HAL_Driver/Src/stm32f3xx_ll_usart.o
 .text.LL_USART_Init
                0x0000000008002148       0xd8 ./Drivers/STM32F3xx_HAL_Driver/Src/stm32f3xx_ll_usart.o
                0x0000000008002148                LL_USART_Init
 .text.LL_InitTick
                0x0000000008002220       0x34 ./Drivers/STM32F3xx_HAL_Driver/Src/stm32f3xx_ll_utils.o
 .text.LL_Init1msTick
                0x0000000008002254       0x1a ./Drivers/STM32F3xx_HAL_Driver/Src/stm32f3xx_ll_utils.o
                0x0000000008002254                LL_Init1msTick
 *fill*         0x000000000800226e        0x2 
 .text.LL_SetSystemCoreClock
                0x0000000008002270       0x20 ./Drivers/STM32F3xx_HAL_Driver/Src/stm32f3xx_ll_utils.o
                0x0000000008002270                LL_SetSystemCoreClock
 .text.__libc_init_array
                0x0000000008002290       0x48 c:/st/stm32cubeide_1.7.0/stm32cubeide/plugins/com.st.stm32cube.ide.mcu.externaltools.gnu-tools-for-stm32.9-2020-q2-update.win32_2.0.0.202105311346/tools/bin/../lib/gcc/arm-none-eabi/9.3.1/../../../../arm-none-eabi/lib/thumb/v7e-m+fp/hard\libc_nano.a(lib_a-init.o)
                0x0000000008002290                __libc_init_array
 .text.memset   0x00000000080022d8       0x10 c:/st/stm32cubeide_1.7.0/stm32cubeide/plugins/com.st.stm32cube.ide.mcu.externaltools.gnu-tools-for-stm32.9-2020-q2-update.win32_2.0.0.202105311346/tools/bin/../lib/gcc/arm-none-eabi/9.3.1/../../../../arm-none-eabi/lib/thumb/v7e-m+fp/hard\libc_nano.a(lib_a-memset.o)
                0x00000000080022d8                memset
 *(.glue_7)
 .glue_7        0x00000000080022e8        0x0 linker stubs
 *(.glue_7t)
 .glue_7t       0x00000000080022e8        0x0 linker stubs
 *(.eh_frame)
 .eh_frame      0x00000000080022e8        0x0 c:/st/stm32cubeide_1.7.0/stm32cubeide/plugins/com.st.stm32cube.ide.mcu.externaltools.gnu-tools-for-stm32.9-2020-q2-update.win32_2.0.0.202105311346/tools/bin/../lib/gcc/arm-none-eabi/9.3.1/thumb/v7e-m+fp/hard/crtbegin.o
 *(.init)
 .init          0x00000000080022e8        0x4 c:/st/stm32cubeide_1.7.0/stm32cubeide/plugins/com.st.stm32cube.ide.mcu.externaltools.gnu-tools-for-stm32.9-2020-q2-update.win32_2.0.0.202105311346/tools/bin/../lib/gcc/arm-none-eabi/9.3.1/thumb/v7e-m+fp/hard/crti.o
                0x00000000080022e8                _init
 .init          0x00000000080022ec        0x8 c:/st/stm32cubeide_1.7.0/stm32cubeide/plugins/com.st.stm32cube.ide.mcu.externaltools.gnu-tools-for-stm32.9-2020-q2-update.win32_2.0.0.202105311346/tools/bin/../lib/gcc/arm-none-eabi/9.3.1/thumb/v7e-m+fp/hard/crtn.o
 *(.fini)
 .fini          0x00000000080022f4        0x4 c:/st/stm32cubeide_1.7.0/stm32cubeide/plugins/com.st.stm32cube.ide.mcu.externaltools.gnu-tools-for-stm32.9-2020-q2-update.win32_2.0.0.202105311346/tools/bin/../lib/gcc/arm-none-eabi/9.3.1/thumb/v7e-m+fp/hard/crti.o
                0x00000000080022f4                _fini
 .fini          0x00000000080022f8        0x8 c:/st/stm32cubeide_1.7.0/stm32cubeide/plugins/com.st.stm32cube.ide.mcu.externaltools.gnu-tools-for-stm32.9-2020-q2-update.win32_2.0.0.202105311346/tools/bin/../lib/gcc/arm-none-eabi/9.3.1/thumb/v7e-m+fp/hard/crtn.o
                0x0000000008002300                . = ALIGN (0x4)
                0x0000000008002300                _etext = .

.vfp11_veneer   0x0000000008002300        0x0
 .vfp11_veneer  0x0000000008002300        0x0 linker stubs

.v4_bx          0x0000000008002300        0x0
 .v4_bx         0x0000000008002300        0x0 linker stubs

.iplt           0x0000000008002300        0x0
 .iplt          0x0000000008002300        0x0 c:/st/stm32cubeide_1.7.0/stm32cubeide/plugins/com.st.stm32cube.ide.mcu.externaltools.gnu-tools-for-stm32.9-2020-q2-update.win32_2.0.0.202105311346/tools/bin/../lib/gcc/arm-none-eabi/9.3.1/thumb/v7e-m+fp/hard/crtbegin.o

.rodata         0x0000000008002300       0x38
                0x0000000008002300                . = ALIGN (0x4)
 *(.rodata)
 *(.rodata*)
 .rodata.AHBPrescTable
                0x0000000008002300       0x10 ./Core/Src/system_stm32f3xx.o
                0x0000000008002300                AHBPrescTable
 .rodata.APBPrescTable
                0x0000000008002310        0x8 ./Core/Src/system_stm32f3xx.o
                0x0000000008002310                APBPrescTable
 .rodata.OFFSET_TAB_CCMRx
                0x0000000008002318        0x9 ./Core/Src/tim.o
 *fill*         0x0000000008002321        0x3 
 .rodata.SHIFT_TAB_OCxx
                0x0000000008002324        0x9 ./Core/Src/tim.o
 *fill*         0x000000000800232d        0x3 
 .rodata.CHANNEL_OFFSET_TAB
                0x0000000008002330        0x7 ./Core/Src/usart.o
                0x0000000008002338                . = ALIGN (0x4)
 *fill*         0x0000000008002337        0x1 

.rel.dyn        0x0000000008002338        0x0
 .rel.iplt      0x0000000008002338        0x0 c:/st/stm32cubeide_1.7.0/stm32cubeide/plugins/com.st.stm32cube.ide.mcu.externaltools.gnu-tools-for-stm32.9-2020-q2-update.win32_2.0.0.202105311346/tools/bin/../lib/gcc/arm-none-eabi/9.3.1/thumb/v7e-m+fp/hard/crtbegin.o

.ARM.extab      0x0000000008002338        0x0
                0x0000000008002338                . = ALIGN (0x4)
 *(.ARM.extab* .gnu.linkonce.armextab.*)
                0x0000000008002338                . = ALIGN (0x4)

.ARM            0x0000000008002338        0x0
                0x0000000008002338                . = ALIGN (0x4)
                0x0000000008002338                __exidx_start = .
 *(.ARM.exidx*)
                0x0000000008002338                __exidx_end = .
                0x0000000008002338                . = ALIGN (0x4)

.preinit_array  0x0000000008002338        0x0
                0x0000000008002338                . = ALIGN (0x4)
                0x0000000008002338                PROVIDE (__preinit_array_start = .)
 *(.preinit_array*)
                0x0000000008002338                PROVIDE (__preinit_array_end = .)
                0x0000000008002338                . = ALIGN (0x4)

.init_array     0x0000000008002338        0x4
                0x0000000008002338                . = ALIGN (0x4)
                0x0000000008002338                PROVIDE (__init_array_start = .)
 *(SORT_BY_NAME(.init_array.*))
 *(.init_array*)
 .init_array    0x0000000008002338        0x4 c:/st/stm32cubeide_1.7.0/stm32cubeide/plugins/com.st.stm32cube.ide.mcu.externaltools.gnu-tools-for-stm32.9-2020-q2-update.win32_2.0.0.202105311346/tools/bin/../lib/gcc/arm-none-eabi/9.3.1/thumb/v7e-m+fp/hard/crtbegin.o
                0x000000000800233c                PROVIDE (__init_array_end = .)
                0x000000000800233c                . = ALIGN (0x4)

.fini_array     0x000000000800233c        0x4
                0x000000000800233c                . = ALIGN (0x4)
                [!provide]                        PROVIDE (__fini_array_start = .)
 *(SORT_BY_NAME(.fini_array.*))
 *(.fini_array*)
 .fini_array    0x000000000800233c        0x4 c:/st/stm32cubeide_1.7.0/stm32cubeide/plugins/com.st.stm32cube.ide.mcu.externaltools.gnu-tools-for-stm32.9-2020-q2-update.win32_2.0.0.202105311346/tools/bin/../lib/gcc/arm-none-eabi/9.3.1/thumb/v7e-m+fp/hard/crtbegin.o
                [!provide]                        PROVIDE (__fini_array_end = .)
                0x0000000008002340                . = ALIGN (0x4)
                0x0000000008002340                _sidata = LOADADDR (.data)

.data           0x0000000020000000        0x4 load address 0x0000000008002340
                0x0000000020000000                . = ALIGN (0x4)
                0x0000000020000000                _sdata = .
 *(.data)
 *(.data*)
 .data.SystemCoreClock
                0x0000000020000000        0x4 ./Core/Src/system_stm32f3xx.o
                0x0000000020000000                SystemCoreClock
 *(.RamFunc)
 *(.RamFunc*)
                0x0000000020000004                . = ALIGN (0x4)
                0x0000000020000004                _edata = .
                0x0000000008002344                _siccmram = LOADADDR (.ccmram)

.igot.plt       0x0000000020000004        0x0 load address 0x0000000008002344
 .igot.plt      0x0000000020000004        0x0 c:/st/stm32cubeide_1.7.0/stm32cubeide/plugins/com.st.stm32cube.ide.mcu.externaltools.gnu-tools-for-stm32.9-2020-q2-update.win32_2.0.0.202105311346/tools/bin/../lib/gcc/arm-none-eabi/9.3.1/thumb/v7e-m+fp/hard/crtbegin.o

.ccmram         0x0000000010000000        0x0 load address 0x0000000008002344
                0x0000000010000000                . = ALIGN (0x4)
                0x0000000010000000                _sccmram = .
 *(.ccmram)
 *(.ccmram*)
                0x0000000010000000                . = ALIGN (0x4)
                0x0000000010000000                _eccmram = .
                0x0000000010000000                . = ALIGN (0x4)

.bss            0x0000000020000004       0x20
                0x0000000020000004                _sbss = .
                0x0000000020000004                __bss_start__ = _sbss
 *(.bss)
 .bss           0x0000000020000004       0x1c c:/st/stm32cubeide_1.7.0/stm32cubeide/plugins/com.st.stm32cube.ide.mcu.externaltools.gnu-tools-for-stm32.9-2020-q2-update.win32_2.0.0.202105311346/tools/bin/../lib/gcc/arm-none-eabi/9.3.1/thumb/v7e-m+fp/hard/crtbegin.o
 *(.bss*)
 *(COMMON)
 COMMON         0x0000000020000020        0x1 ./Core/Src/dma.o
                0x0000000020000020                PWM_Value
                0x0000000020000024                . = ALIGN (0x4)
 *fill*         0x0000000020000021        0x3 
                0x0000000020000024                _ebss = .
                0x0000000020000024                __bss_end__ = _ebss

._user_heap_stack
                0x0000000020000024      0x604
                0x0000000020000028                . = ALIGN (0x8)
 *fill*         0x0000000020000024        0x4 
                [!provide]                        PROVIDE (end = .)
                0x0000000020000028                PROVIDE (_end = .)
                0x0000000020000228                . = (. + _Min_Heap_Size)
 *fill*         0x0000000020000028      0x200 
                0x0000000020000628                . = (. + _Min_Stack_Size)
 *fill*         0x0000000020000228      0x400 
                0x0000000020000628                . = ALIGN (0x8)

/DISCARD/
 libc.a(*)
 libm.a(*)
 libgcc.a(*)

.ARM.attributes
                0x0000000000000000       0x30
 *(.ARM.attributes)
 .ARM.attributes
                0x0000000000000000       0x1e c:/st/stm32cubeide_1.7.0/stm32cubeide/plugins/com.st.stm32cube.ide.mcu.externaltools.gnu-tools-for-stm32.9-2020-q2-update.win32_2.0.0.202105311346/tools/bin/../lib/gcc/arm-none-eabi/9.3.1/thumb/v7e-m+fp/hard/crti.o
 .ARM.attributes
                0x000000000000001e       0x34 c:/st/stm32cubeide_1.7.0/stm32cubeide/plugins/com.st.stm32cube.ide.mcu.externaltools.gnu-tools-for-stm32.9-2020-q2-update.win32_2.0.0.202105311346/tools/bin/../lib/gcc/arm-none-eabi/9.3.1/thumb/v7e-m+fp/hard/crtbegin.o
 .ARM.attributes
                0x0000000000000052       0x34 ./Core/Src/dma.o
 .ARM.attributes
                0x0000000000000086       0x34 ./Core/Src/gpio.o
 .ARM.attributes
                0x00000000000000ba       0x34 ./Core/Src/main.o
 .ARM.attributes
                0x00000000000000ee       0x34 ./Core/Src/stm32f3xx_it.o
 .ARM.attributes
                0x0000000000000122       0x34 ./Core/Src/system_stm32f3xx.o
 .ARM.attributes
                0x0000000000000156       0x34 ./Core/Src/tim.o
 .ARM.attributes
                0x000000000000018a       0x34 ./Core/Src/usart.o
 .ARM.attributes
                0x00000000000001be       0x21 ./Core/Startup/startup_stm32f303k8tx.o
 .ARM.attributes
                0x00000000000001df       0x34 ./Drivers/STM32F3xx_HAL_Driver/Src/stm32f3xx_ll_gpio.o
 .ARM.attributes
                0x0000000000000213       0x34 ./Drivers/STM32F3xx_HAL_Driver/Src/stm32f3xx_ll_rcc.o
 .ARM.attributes
                0x0000000000000247       0x34 ./Drivers/STM32F3xx_HAL_Driver/Src/stm32f3xx_ll_tim.o
 .ARM.attributes
                0x000000000000027b       0x34 ./Drivers/STM32F3xx_HAL_Driver/Src/stm32f3xx_ll_usart.o
 .ARM.attributes
                0x00000000000002af       0x34 ./Drivers/STM32F3xx_HAL_Driver/Src/stm32f3xx_ll_utils.o
 .ARM.attributes
                0x00000000000002e3       0x34 c:/st/stm32cubeide_1.7.0/stm32cubeide/plugins/com.st.stm32cube.ide.mcu.externaltools.gnu-tools-for-stm32.9-2020-q2-update.win32_2.0.0.202105311346/tools/bin/../lib/gcc/arm-none-eabi/9.3.1/../../../../arm-none-eabi/lib/thumb/v7e-m+fp/hard\libc_nano.a(lib_a-init.o)
 .ARM.attributes
                0x0000000000000317       0x34 c:/st/stm32cubeide_1.7.0/stm32cubeide/plugins/com.st.stm32cube.ide.mcu.externaltools.gnu-tools-for-stm32.9-2020-q2-update.win32_2.0.0.202105311346/tools/bin/../lib/gcc/arm-none-eabi/9.3.1/../../../../arm-none-eabi/lib/thumb/v7e-m+fp/hard\libc_nano.a(lib_a-memset.o)
 .ARM.attributes
                0x000000000000034b       0x1e c:/st/stm32cubeide_1.7.0/stm32cubeide/plugins/com.st.stm32cube.ide.mcu.externaltools.gnu-tools-for-stm32.9-2020-q2-update.win32_2.0.0.202105311346/tools/bin/../lib/gcc/arm-none-eabi/9.3.1/thumb/v7e-m+fp/hard/crtn.o
OUTPUT(vrs_cvicenie_10.elf elf32-littlearm)
LOAD linker stubs
LOAD c:/st/stm32cubeide_1.7.0/stm32cubeide/plugins/com.st.stm32cube.ide.mcu.externaltools.gnu-tools-for-stm32.9-2020-q2-update.win32_2.0.0.202105311346/tools/bin/../lib/gcc/arm-none-eabi/9.3.1/../../../../arm-none-eabi/lib/thumb/v7e-m+fp/hard\libc.a
LOAD c:/st/stm32cubeide_1.7.0/stm32cubeide/plugins/com.st.stm32cube.ide.mcu.externaltools.gnu-tools-for-stm32.9-2020-q2-update.win32_2.0.0.202105311346/tools/bin/../lib/gcc/arm-none-eabi/9.3.1/../../../../arm-none-eabi/lib/thumb/v7e-m+fp/hard\libm.a
LOAD c:/st/stm32cubeide_1.7.0/stm32cubeide/plugins/com.st.stm32cube.ide.mcu.externaltools.gnu-tools-for-stm32.9-2020-q2-update.win32_2.0.0.202105311346/tools/bin/../lib/gcc/arm-none-eabi/9.3.1/thumb/v7e-m+fp/hard\libgcc.a

.debug_info     0x0000000000000000     0x6734
 .debug_info    0x0000000000000000      0x814 ./Core/Src/dma.o
 .debug_info    0x0000000000000814      0x2dd ./Core/Src/gpio.o
 .debug_info    0x0000000000000af1      0x73d ./Core/Src/main.o
 .debug_info    0x000000000000122e      0x470 ./Core/Src/stm32f3xx_it.o
 .debug_info    0x000000000000169e      0x439 ./Core/Src/system_stm32f3xx.o
 .debug_info    0x0000000000001ad7      0xe14 ./Core/Src/tim.o
 .debug_info    0x00000000000028eb      0xebb ./Core/Src/usart.o
 .debug_info    0x00000000000037a6       0x22 ./Core/Startup/startup_stm32f303k8tx.o
 .debug_info    0x00000000000037c8      0x7ce ./Drivers/STM32F3xx_HAL_Driver/Src/stm32f3xx_ll_gpio.o
 .debug_info    0x0000000000003f96      0x74c ./Drivers/STM32F3xx_HAL_Driver/Src/stm32f3xx_ll_rcc.o
 .debug_info    0x00000000000046e2     0x1092 ./Drivers/STM32F3xx_HAL_Driver/Src/stm32f3xx_ll_tim.o
 .debug_info    0x0000000000005774      0x72b ./Drivers/STM32F3xx_HAL_Driver/Src/stm32f3xx_ll_usart.o
 .debug_info    0x0000000000005e9f      0x895 ./Drivers/STM32F3xx_HAL_Driver/Src/stm32f3xx_ll_utils.o

.debug_abbrev   0x0000000000000000     0x1786
 .debug_abbrev  0x0000000000000000      0x1d1 ./Core/Src/dma.o
 .debug_abbrev  0x00000000000001d1      0x13a ./Core/Src/gpio.o
 .debug_abbrev  0x000000000000030b      0x1c8 ./Core/Src/main.o
 .debug_abbrev  0x00000000000004d3      0x168 ./Core/Src/stm32f3xx_it.o
 .debug_abbrev  0x000000000000063b      0x129 ./Core/Src/system_stm32f3xx.o
 .debug_abbrev  0x0000000000000764      0x20d ./Core/Src/tim.o
 .debug_abbrev  0x0000000000000971      0x2a3 ./Core/Src/usart.o
 .debug_abbrev  0x0000000000000c14       0x12 ./Core/Startup/startup_stm32f303k8tx.o
 .debug_abbrev  0x0000000000000c26      0x23b ./Drivers/STM32F3xx_HAL_Driver/Src/stm32f3xx_ll_gpio.o
 .debug_abbrev  0x0000000000000e61      0x261 ./Drivers/STM32F3xx_HAL_Driver/Src/stm32f3xx_ll_rcc.o
 .debug_abbrev  0x00000000000010c2      0x22b ./Drivers/STM32F3xx_HAL_Driver/Src/stm32f3xx_ll_tim.o
 .debug_abbrev  0x00000000000012ed      0x1d7 ./Drivers/STM32F3xx_HAL_Driver/Src/stm32f3xx_ll_usart.o
 .debug_abbrev  0x00000000000014c4      0x2c2 ./Drivers/STM32F3xx_HAL_Driver/Src/stm32f3xx_ll_utils.o

.debug_aranges  0x0000000000000000      0x758
 .debug_aranges
                0x0000000000000000       0x48 ./Core/Src/dma.o
 .debug_aranges
                0x0000000000000048       0x28 ./Core/Src/gpio.o
 .debug_aranges
                0x0000000000000070       0x98 ./Core/Src/main.o
 .debug_aranges
                0x0000000000000108       0x90 ./Core/Src/stm32f3xx_it.o
 .debug_aranges
                0x0000000000000198       0x28 ./Core/Src/system_stm32f3xx.o
 .debug_aranges
                0x00000000000001c0       0xa0 ./Core/Src/tim.o
 .debug_aranges
                0x0000000000000260       0xa0 ./Core/Src/usart.o
 .debug_aranges
                0x0000000000000300       0x28 ./Core/Startup/startup_stm32f303k8tx.o
 .debug_aranges
                0x0000000000000328       0x70 ./Drivers/STM32F3xx_HAL_Driver/Src/stm32f3xx_ll_gpio.o
 .debug_aranges
                0x0000000000000398      0x100 ./Drivers/STM32F3xx_HAL_Driver/Src/stm32f3xx_ll_rcc.o
 .debug_aranges
                0x0000000000000498      0x148 ./Drivers/STM32F3xx_HAL_Driver/Src/stm32f3xx_ll_tim.o
 .debug_aranges
                0x00000000000005e0       0x88 ./Drivers/STM32F3xx_HAL_Driver/Src/stm32f3xx_ll_usart.o
 .debug_aranges
                0x0000000000000668       0xf0 ./Drivers/STM32F3xx_HAL_Driver/Src/stm32f3xx_ll_utils.o

.debug_ranges   0x0000000000000000      0x690
 .debug_ranges  0x0000000000000000       0x38 ./Core/Src/dma.o
 .debug_ranges  0x0000000000000038       0x18 ./Core/Src/gpio.o
 .debug_ranges  0x0000000000000050       0x88 ./Core/Src/main.o
 .debug_ranges  0x00000000000000d8       0x80 ./Core/Src/stm32f3xx_it.o
 .debug_ranges  0x0000000000000158       0x18 ./Core/Src/system_stm32f3xx.o
 .debug_ranges  0x0000000000000170       0x90 ./Core/Src/tim.o
 .debug_ranges  0x0000000000000200       0x90 ./Core/Src/usart.o
 .debug_ranges  0x0000000000000290       0x20 ./Core/Startup/startup_stm32f303k8tx.o
 .debug_ranges  0x00000000000002b0       0x60 ./Drivers/STM32F3xx_HAL_Driver/Src/stm32f3xx_ll_gpio.o
 .debug_ranges  0x0000000000000310       0xf0 ./Drivers/STM32F3xx_HAL_Driver/Src/stm32f3xx_ll_rcc.o
 .debug_ranges  0x0000000000000400      0x138 ./Drivers/STM32F3xx_HAL_Driver/Src/stm32f3xx_ll_tim.o
 .debug_ranges  0x0000000000000538       0x78 ./Drivers/STM32F3xx_HAL_Driver/Src/stm32f3xx_ll_usart.o
 .debug_ranges  0x00000000000005b0       0xe0 ./Drivers/STM32F3xx_HAL_Driver/Src/stm32f3xx_ll_utils.o

.debug_macro    0x0000000000000000    0x1644c
 .debug_macro   0x0000000000000000      0x13f ./Core/Src/dma.o
 .debug_macro   0x000000000000013f      0xade ./Core/Src/dma.o
 .debug_macro   0x0000000000000c1d       0x2e ./Core/Src/dma.o
 .debug_macro   0x0000000000000c4b       0x28 ./Core/Src/dma.o
 .debug_macro   0x0000000000000c73       0x22 ./Core/Src/dma.o
 .debug_macro   0x0000000000000c95       0x8e ./Core/Src/dma.o
 .debug_macro   0x0000000000000d23       0x51 ./Core/Src/dma.o
 .debug_macro   0x0000000000000d74      0x103 ./Core/Src/dma.o
 .debug_macro   0x0000000000000e77       0x6a ./Core/Src/dma.o
 .debug_macro   0x0000000000000ee1      0x1df ./Core/Src/dma.o
 .debug_macro   0x00000000000010c0       0x1c ./Core/Src/dma.o
 .debug_macro   0x00000000000010dc       0x22 ./Core/Src/dma.o
 .debug_macro   0x00000000000010fe       0xdf ./Core/Src/dma.o
 .debug_macro   0x00000000000011dd      0xf07 ./Core/Src/dma.o
 .debug_macro   0x00000000000020e4    0x10be0 ./Core/Src/dma.o
 .debug_macro   0x0000000000012cc4       0x6d ./Core/Src/dma.o
 .debug_macro   0x0000000000012d31      0x281 ./Core/Src/dma.o
 .debug_macro   0x0000000000012fb2      0x4c2 ./Core/Src/dma.o
 .debug_macro   0x0000000000013474       0xe1 ./Core/Src/dma.o
 .debug_macro   0x0000000000013555      0x29f ./Core/Src/dma.o
 .debug_macro   0x00000000000137f4       0xfe ./Core/Src/dma.o
 .debug_macro   0x00000000000138f2       0x28 ./Core/Src/dma.o
 .debug_macro   0x000000000001391a       0x30 ./Core/Src/dma.o
 .debug_macro   0x000000000001394a       0xa8 ./Core/Src/dma.o
 .debug_macro   0x00000000000139f2      0x803 ./Core/Src/dma.o
 .debug_macro   0x00000000000141f5      0x2f7 ./Core/Src/dma.o
 .debug_macro   0x00000000000144ec      0x142 ./Core/Src/dma.o
 .debug_macro   0x000000000001462e       0x5e ./Core/Src/dma.o
 .debug_macro   0x000000000001468c      0x13f ./Core/Src/gpio.o
 .debug_macro   0x00000000000147cb      0x161 ./Core/Src/main.o
 .debug_macro   0x000000000001492c      0x13f ./Core/Src/stm32f3xx_it.o
 .debug_macro   0x0000000000014a6b       0xbd ./Core/Src/system_stm32f3xx.o
 .debug_macro   0x0000000000014b28      0x13f ./Core/Src/tim.o
 .debug_macro   0x0000000000014c67      0x13f ./Core/Src/usart.o
 .debug_macro   0x0000000000014da6       0xff ./Drivers/STM32F3xx_HAL_Driver/Src/stm32f3xx_ll_gpio.o
 .debug_macro   0x0000000000014ea5      0x13c ./Drivers/STM32F3xx_HAL_Driver/Src/stm32f3xx_ll_gpio.o
 .debug_macro   0x0000000000014fe1       0xf1 ./Drivers/STM32F3xx_HAL_Driver/Src/stm32f3xx_ll_rcc.o
 .debug_macro   0x00000000000150d2      0x4bc ./Drivers/STM32F3xx_HAL_Driver/Src/stm32f3xx_ll_rcc.o
 .debug_macro   0x000000000001558e      0x169 ./Drivers/STM32F3xx_HAL_Driver/Src/stm32f3xx_ll_tim.o
 .debug_macro   0x00000000000156f7      0x7fd ./Drivers/STM32F3xx_HAL_Driver/Src/stm32f3xx_ll_tim.o
 .debug_macro   0x0000000000015ef4      0x12c ./Drivers/STM32F3xx_HAL_Driver/Src/stm32f3xx_ll_usart.o
 .debug_macro   0x0000000000016020      0x2f1 ./Drivers/STM32F3xx_HAL_Driver/Src/stm32f3xx_ll_usart.o
 .debug_macro   0x0000000000016311      0x13b ./Drivers/STM32F3xx_HAL_Driver/Src/stm32f3xx_ll_utils.o

.debug_line     0x0000000000000000     0x5d96
 .debug_line    0x0000000000000000      0x688 ./Core/Src/dma.o
 .debug_line    0x0000000000000688      0x5af ./Core/Src/gpio.o
 .debug_line    0x0000000000000c37      0x7c3 ./Core/Src/main.o
 .debug_line    0x00000000000013fa      0x71e ./Core/Src/stm32f3xx_it.o
 .debug_line    0x0000000000001b18      0x4d8 ./Core/Src/system_stm32f3xx.o
 .debug_line    0x0000000000001ff0      0x91e ./Core/Src/tim.o
 .debug_line    0x000000000000290e      0x83b ./Core/Src/usart.o
 .debug_line    0x0000000000003149       0x88 ./Core/Startup/startup_stm32f303k8tx.o
 .debug_line    0x00000000000031d1      0x73a ./Drivers/STM32F3xx_HAL_Driver/Src/stm32f3xx_ll_gpio.o
 .debug_line    0x000000000000390b      0x8fa ./Drivers/STM32F3xx_HAL_Driver/Src/stm32f3xx_ll_rcc.o
 .debug_line    0x0000000000004205      0xba1 ./Drivers/STM32F3xx_HAL_Driver/Src/stm32f3xx_ll_tim.o
 .debug_line    0x0000000000004da6      0x6dd ./Drivers/STM32F3xx_HAL_Driver/Src/stm32f3xx_ll_usart.o
 .debug_line    0x0000000000005483      0x913 ./Drivers/STM32F3xx_HAL_Driver/Src/stm32f3xx_ll_utils.o

.debug_str      0x0000000000000000    0x75766
 .debug_str     0x0000000000000000    0x712e0 ./Core/Src/dma.o
                                      0x7154f (size before relaxing)
 .debug_str     0x00000000000712e0       0x2c ./Core/Src/gpio.o
                                      0x710ed (size before relaxing)
 .debug_str     0x000000000007130c      0x19d ./Core/Src/main.o
                                      0x71318 (size before relaxing)
 .debug_str     0x00000000000714a9      0x185 ./Core/Src/stm32f3xx_it.o
                                      0x711e0 (size before relaxing)
 .debug_str     0x000000000007162e       0x5f ./Core/Src/system_stm32f3xx.o
                                      0x656fa (size before relaxing)
 .debug_str     0x000000000007168d      0x255 ./Core/Src/tim.o
                                      0x7184d (size before relaxing)
 .debug_str     0x00000000000718e2      0x24c ./Core/Src/usart.o
                                      0x71863 (size before relaxing)
 .debug_str     0x0000000000071b2e       0x36 ./Core/Startup/startup_stm32f303k8tx.o
                                         0x5b (size before relaxing)
 .debug_str     0x0000000000071b64      0x67a ./Drivers/STM32F3xx_HAL_Driver/Src/stm32f3xx_ll_gpio.o
                                      0x66a5d (size before relaxing)
 .debug_str     0x00000000000721de      0x4fd ./Drivers/STM32F3xx_HAL_Driver/Src/stm32f3xx_ll_rcc.o
                                      0x67eaf (size before relaxing)
 .debug_str     0x00000000000726db     0x1bb9 ./Drivers/STM32F3xx_HAL_Driver/Src/stm32f3xx_ll_tim.o
                                      0x6b9ad (size before relaxing)
 .debug_str     0x0000000000074294      0x80d ./Drivers/STM32F3xx_HAL_Driver/Src/stm32f3xx_ll_usart.o
                                      0x69988 (size before relaxing)
 .debug_str     0x0000000000074aa1      0xcc5 ./Drivers/STM32F3xx_HAL_Driver/Src/stm32f3xx_ll_utils.o
                                      0x6a72f (size before relaxing)

.comment        0x0000000000000000       0x53
 .comment       0x0000000000000000       0x53 ./Core/Src/dma.o
                                         0x54 (size before relaxing)
 .comment       0x0000000000000053       0x54 ./Core/Src/gpio.o
 .comment       0x0000000000000053       0x54 ./Core/Src/main.o
 .comment       0x0000000000000053       0x54 ./Core/Src/stm32f3xx_it.o
 .comment       0x0000000000000053       0x54 ./Core/Src/system_stm32f3xx.o
 .comment       0x0000000000000053       0x54 ./Core/Src/tim.o
 .comment       0x0000000000000053       0x54 ./Core/Src/usart.o
 .comment       0x0000000000000053       0x54 ./Drivers/STM32F3xx_HAL_Driver/Src/stm32f3xx_ll_gpio.o
 .comment       0x0000000000000053       0x54 ./Drivers/STM32F3xx_HAL_Driver/Src/stm32f3xx_ll_rcc.o
 .comment       0x0000000000000053       0x54 ./Drivers/STM32F3xx_HAL_Driver/Src/stm32f3xx_ll_tim.o
 .comment       0x0000000000000053       0x54 ./Drivers/STM32F3xx_HAL_Driver/Src/stm32f3xx_ll_usart.o
 .comment       0x0000000000000053       0x54 ./Drivers/STM32F3xx_HAL_Driver/Src/stm32f3xx_ll_utils.o

.debug_frame    0x0000000000000000     0x1cf8
 .debug_frame   0x0000000000000000       0xec ./Core/Src/dma.o
 .debug_frame   0x00000000000000ec       0x54 ./Core/Src/gpio.o
 .debug_frame   0x0000000000000140      0x248 ./Core/Src/main.o
 .debug_frame   0x0000000000000388      0x1d0 ./Core/Src/stm32f3xx_it.o
 .debug_frame   0x0000000000000558       0x58 ./Core/Src/system_stm32f3xx.o
 .debug_frame   0x00000000000005b0      0x2a8 ./Core/Src/tim.o
 .debug_frame   0x0000000000000858      0x2ac ./Core/Src/usart.o
 .debug_frame   0x0000000000000b04      0x1c0 ./Drivers/STM32F3xx_HAL_Driver/Src/stm32f3xx_ll_gpio.o
 .debug_frame   0x0000000000000cc4      0x408 ./Drivers/STM32F3xx_HAL_Driver/Src/stm32f3xx_ll_rcc.o
 .debug_frame   0x00000000000010cc      0x5d0 ./Drivers/STM32F3xx_HAL_Driver/Src/stm32f3xx_ll_tim.o
 .debug_frame   0x000000000000169c      0x234 ./Drivers/STM32F3xx_HAL_Driver/Src/stm32f3xx_ll_usart.o
 .debug_frame   0x00000000000018d0      0x3dc ./Drivers/STM32F3xx_HAL_Driver/Src/stm32f3xx_ll_utils.o
 .debug_frame   0x0000000000001cac       0x2c c:/st/stm32cubeide_1.7.0/stm32cubeide/plugins/com.st.stm32cube.ide.mcu.externaltools.gnu-tools-for-stm32.9-2020-q2-update.win32_2.0.0.202105311346/tools/bin/../lib/gcc/arm-none-eabi/9.3.1/../../../../arm-none-eabi/lib/thumb/v7e-m+fp/hard\libc_nano.a(lib_a-init.o)
 .debug_frame   0x0000000000001cd8       0x20 c:/st/stm32cubeide_1.7.0/stm32cubeide/plugins/com.st.stm32cube.ide.mcu.externaltools.gnu-tools-for-stm32.9-2020-q2-update.win32_2.0.0.202105311346/tools/bin/../lib/gcc/arm-none-eabi/9.3.1/../../../../arm-none-eabi/lib/thumb/v7e-m+fp/hard\libc_nano.a(lib_a-memset.o)
