core_cm4.h:1657:22:__NVIC_SetPriorityGrouping	24	static
stm32f3xx_ll_rcc.h:1086:22:LL_RCC_HSI_Enable	4	static
stm32f3xx_ll_rcc.h:1106:26:LL_RCC_HSI_IsReady	4	static
stm32f3xx_ll_rcc.h:1132:22:LL_RCC_HSI_SetCalibTrimming	16	static
stm32f3xx_ll_rcc.h:1290:22:LL_RCC_SetSysClkSource	16	static
stm32f3xx_ll_rcc.h:1303:26:LL_RCC_GetSysClkSource	4	static
stm32f3xx_ll_rcc.h:1323:22:LL_RCC_SetAHBPrescaler	16	static
stm32f3xx_ll_rcc.h:1339:22:LL_RCC_SetAPB1Prescaler	16	static
stm32f3xx_ll_rcc.h:1355:22:LL_RCC_SetAPB2Prescaler	16	static
stm32f3xx_ll_bus.h:537:22:LL_APB1_GRP1_EnableClock	24	static
stm32f3xx_ll_bus.h:851:22:LL_APB2_GRP1_EnableClock	24	static
stm32f3xx_ll_system.h:1618:22:LL_FLASH_SetLatency	16	static
stm32f3xx_ll_system.h:1631:26:LL_FLASH_GetLatency	4	static
stm32f3xx_ll_tim.h:2676:22:LL_TIM_OC_SetCompareCH1	16	static
main.c:80:5:main	16	static
main.c:168:6:SystemClock_Config	8	static
main.c:193:6:setDutyCycle	16	static
main.c:203:6:proccesDmaData	16	static
main.c:225:9:CountDutyCycleForModeAuto	16	static
main.c:239:9:CountDutyCycleForModeMan	16	static
main.c:246:17:ParseReceivedString	24	static
main.c:272:8:ParseReceivedCommandValue	56	static
main.c:292:6:Error_Handler	4	static,ignoring_inline_asm
