stm32f3xx_ll_tim.h:4074:22:LL_TIM_ClearFlag_UPDATE	16	static
stm32f3xx_ll_tim.h:4085:26:LL_TIM_IsActiveFlag_UPDATE	16	static
stm32f3xx_it.c:70:6:NMI_Handler	4	static
stm32f3xx_it.c:83:6:HardFault_Handler	4	static
stm32f3xx_it.c:96:6:MemManage_Handler	4	static
stm32f3xx_it.c:109:6:BusFault_Handler	4	static
stm32f3xx_it.c:122:6:UsageFault_Handler	4	static
stm32f3xx_it.c:135:6:SVC_Handler	4	static
stm32f3xx_it.c:147:6:DebugMon_Handler	4	static
stm32f3xx_it.c:159:6:PendSV_Handler	4	static
stm32f3xx_it.c:171:6:SysTick_Handler	4	static
stm32f3xx_it.c:191:6:DMA1_Channel6_IRQHandler	4	static
stm32f3xx_it.c:204:6:TIM2_IRQHandler	4	static
stm32f3xx_it.c:216:6:USART2_IRQHandler	8	static
stm32f3xx_it.c:230:6:TIM6_DAC1_IRQHandler	8	static
